Component: ARM Compiler 5.06 update 4 (build 422) Tool: armlink [4d35d2]

==============================================================================

Section Cross References

    startup_stm32f407xx.o(RESET) refers to startup_stm32f407xx.o(STACK) for __initial_sp
    startup_stm32f407xx.o(RESET) refers to startup_stm32f407xx.o(.text) for Reset_Handler
    startup_stm32f407xx.o(RESET) refers to stm32f4xx_it.o(i.NMI_Handler) for NMI_Handler
    startup_stm32f407xx.o(RESET) refers to stm32f4xx_it.o(i.HardFault_Handler) for HardFault_Handler
    startup_stm32f407xx.o(RESET) refers to stm32f4xx_it.o(i.MemManage_Handler) for MemManage_Handler
    startup_stm32f407xx.o(RESET) refers to stm32f4xx_it.o(i.BusFault_Handler) for BusFault_Handler
    startup_stm32f407xx.o(RESET) refers to stm32f4xx_it.o(i.UsageFault_Handler) for UsageFault_Handler
    startup_stm32f407xx.o(RESET) refers to port.o(.emb_text) for SVC_Handler
    startup_stm32f407xx.o(RESET) refers to stm32f4xx_it.o(i.DebugMon_Handler) for DebugMon_Handler
    startup_stm32f407xx.o(RESET) refers to stm32f4xx_it.o(i.SysTick_Handler) for SysTick_Handler
    startup_stm32f407xx.o(RESET) refers to ethernetif.o(i.ETH_IRQHandler) for ETH_IRQHandler
    startup_stm32f407xx.o(.text) refers to system_stm32f4xx.o(i.SystemInit) for SystemInit
    startup_stm32f407xx.o(.text) refers to entry.o(.ARM.Collect$$$$00000000) for __main
    system_stm32f4xx.o(i.SystemCoreClockUpdate) refers to system_stm32f4xx.o(.data) for SystemCoreClock
    system_stm32f4xx.o(i.SystemCoreClockUpdate) refers to system_stm32f4xx.o(.constdata) for AHBPrescTable
    stm32f4xx_hal.o(i.HAL_DeInit) refers to stm32f4xx_hal_msp.o(i.HAL_MspDeInit) for HAL_MspDeInit
    stm32f4xx_hal.o(i.HAL_Delay) refers to stm32f4xx_hal.o(i.HAL_GetTick) for HAL_GetTick
    stm32f4xx_hal.o(i.HAL_GetTick) refers to stm32f4xx_hal.o(.data) for uwTick
    stm32f4xx_hal.o(i.HAL_IncTick) refers to stm32f4xx_hal.o(.data) for uwTick
    stm32f4xx_hal.o(i.HAL_Init) refers to stm32f4xx_hal_cortex.o(i.HAL_NVIC_SetPriorityGrouping) for HAL_NVIC_SetPriorityGrouping
    stm32f4xx_hal.o(i.HAL_Init) refers to stm32f4xx_hal.o(i.HAL_InitTick) for HAL_InitTick
    stm32f4xx_hal.o(i.HAL_Init) refers to stm32f4xx_hal_msp.o(i.HAL_MspInit) for HAL_MspInit
    stm32f4xx_hal.o(i.HAL_InitTick) refers to stm32f4xx_hal_cortex.o(i.HAL_SYSTICK_Config) for HAL_SYSTICK_Config
    stm32f4xx_hal.o(i.HAL_InitTick) refers to stm32f4xx_hal_cortex.o(i.HAL_NVIC_SetPriority) for HAL_NVIC_SetPriority
    stm32f4xx_hal.o(i.HAL_InitTick) refers to system_stm32f4xx.o(.data) for SystemCoreClock
    stm32f4xx_hal_gpio.o(i.HAL_GPIO_EXTI_IRQHandler) refers to stm32f4xx_hal_gpio.o(i.HAL_GPIO_EXTI_Callback) for HAL_GPIO_EXTI_Callback
    stm32f4xx_hal_rcc.o(i.HAL_RCC_ClockConfig) refers to stm32f4xx_hal.o(i.HAL_GetTick) for HAL_GetTick
    stm32f4xx_hal_rcc.o(i.HAL_RCC_ClockConfig) refers to stm32f4xx_hal_rcc.o(i.HAL_RCC_GetSysClockFreq) for HAL_RCC_GetSysClockFreq
    stm32f4xx_hal_rcc.o(i.HAL_RCC_ClockConfig) refers to stm32f4xx_hal.o(i.HAL_InitTick) for HAL_InitTick
    stm32f4xx_hal_rcc.o(i.HAL_RCC_ClockConfig) refers to system_stm32f4xx.o(.constdata) for AHBPrescTable
    stm32f4xx_hal_rcc.o(i.HAL_RCC_ClockConfig) refers to system_stm32f4xx.o(.data) for SystemCoreClock
    stm32f4xx_hal_rcc.o(i.HAL_RCC_GetHCLKFreq) refers to system_stm32f4xx.o(.data) for SystemCoreClock
    stm32f4xx_hal_rcc.o(i.HAL_RCC_GetPCLK1Freq) refers to stm32f4xx_hal_rcc.o(i.HAL_RCC_GetHCLKFreq) for HAL_RCC_GetHCLKFreq
    stm32f4xx_hal_rcc.o(i.HAL_RCC_GetPCLK1Freq) refers to system_stm32f4xx.o(.constdata) for APBPrescTable
    stm32f4xx_hal_rcc.o(i.HAL_RCC_GetPCLK2Freq) refers to stm32f4xx_hal_rcc.o(i.HAL_RCC_GetHCLKFreq) for HAL_RCC_GetHCLKFreq
    stm32f4xx_hal_rcc.o(i.HAL_RCC_GetPCLK2Freq) refers to system_stm32f4xx.o(.constdata) for APBPrescTable
    stm32f4xx_hal_rcc.o(i.HAL_RCC_MCOConfig) refers to stm32f4xx_hal_gpio.o(i.HAL_GPIO_Init) for HAL_GPIO_Init
    stm32f4xx_hal_rcc.o(i.HAL_RCC_NMI_IRQHandler) refers to stm32f4xx_hal_rcc.o(i.HAL_RCC_CSSCallback) for HAL_RCC_CSSCallback
    stm32f4xx_hal_rcc.o(i.HAL_RCC_OscConfig) refers to stm32f4xx_hal.o(i.HAL_GetTick) for HAL_GetTick
    stm32f4xx_hal_rcc_ex.o(i.HAL_RCCEx_PeriphCLKConfig) refers to stm32f4xx_hal.o(i.HAL_GetTick) for HAL_GetTick
    stm32f4xx_hal_rcc_ex.o(i.HAL_RCC_DeInit) refers to system_stm32f4xx.o(.data) for SystemCoreClock
    stm32f4xx_hal_cortex.o(i.HAL_NVIC_GetPriorityGrouping) refers to stm32f4xx_hal_cortex.o(i.NVIC_GetPriorityGrouping) for NVIC_GetPriorityGrouping
    stm32f4xx_hal_cortex.o(i.HAL_NVIC_SetPriority) refers to stm32f4xx_hal_cortex.o(i.NVIC_GetPriorityGrouping) for NVIC_GetPriorityGrouping
    stm32f4xx_hal_cortex.o(i.HAL_NVIC_SetPriority) refers to stm32f4xx_hal_cortex.o(i.NVIC_SetPriority) for NVIC_SetPriority
    stm32f4xx_hal_cortex.o(i.HAL_SYSTICK_Config) refers to stm32f4xx_hal_cortex.o(i.NVIC_SetPriority) for NVIC_SetPriority
[...]
    do_recv                                  0x08005efd   Thumb Code    72  api_msg.o(i.do_recv)
    do_send                                  0x08005f45   Thumb Code   166  api_msg.o(i.do_send)
    do_write                                 0x08005feb   Thumb Code   106  api_msg.o(i.do_write)
    etharp_cleanup_netif                     0x08006369   Thumb Code    52  etharp.o(i.etharp_cleanup_netif)
    etharp_output                            0x08006541   Thumb Code   314  etharp.o(i.etharp_output)
    etharp_query                             0x080066f5   Thumb Code   338  etharp.o(i.etharp_query)
    etharp_request                           0x08006905   Thumb Code    36  etharp.o(i.etharp_request)
    etharp_tmr                               0x08006969   Thumb Code   136  etharp.o(i.etharp_tmr)
    ethernet_input                           0x08006aad   Thumb Code   178  etharp.o(i.ethernet_input)
    ethernetif_init                          0x08006b65   Thumb Code    38  ethernetif.o(i.ethernetif_init)
    ethernetif_input                         0x08006b95   Thumb Code    38  ethernetif.o(i.ethernetif_input)
    fputc                                    0x08006d29   Thumb Code    22  uart.o(i.fputc)
    icmp_dest_unreach                        0x08006da5   Thumb Code    18  icmp.o(i.icmp_dest_unreach)
    icmp_input                               0x08006db9   Thumb Code   340  icmp.o(i.icmp_input)
    icmp_time_exceeded                       0x08006f85   Thumb Code    18  icmp.o(i.icmp_time_exceeded)
    inet_chksum                              0x08006f97   Thumb Code    20  inet_chksum.o(i.inet_chksum)
    inet_chksum_pbuf                         0x08006fab   Thumb Code    86  inet_chksum.o(i.inet_chksum_pbuf)
    ip4_addr_isbroadcast                     0x08007001   Thumb Code    78  ip_addr.o(i.ip4_addr_isbroadcast)
    ip_frag                                  0x08007051   Thumb Code   424  ip_frag.o(i.ip_frag)
    ip_input                                 0x08007219   Thumb Code   420  ip.o(i.ip_input)
    ip_output                                0x080073d1   Thumb Code    56  ip.o(i.ip_output)
    ip_output_if                             0x08007409   Thumb Code   192  ip.o(i.ip_output_if)
    ip_reass                                 0x080074cd   Thumb Code   386  ip_frag.o(i.ip_reass)
    ip_reass_tmr                             0x08007975   Thumb Code    48  ip_frag.o(i.ip_reass_tmr)
    ip_route                                 0x080079a9   Thumb Code    76  ip.o(i.ip_route)
    ipaddr_addr                              0x080079fd   Thumb Code    24  ip_addr.o(i.ipaddr_addr)
    ipaddr_aton                              0x08007a15   Thumb Code   348  ip_addr.o(i.ipaddr_aton)
    ipaddr_ntoa                              0x08007b71   Thumb Code    16  ip_addr.o(i.ipaddr_ntoa)
    ipaddr_ntoa_r                            0x08007b85   Thumb Code   168  ip_addr.o(i.ipaddr_ntoa_r)
    lwip_close                               0x08007f89   Thumb Code    64  sockets.o(i.lwip_close)
    lwip_connect                             0x08007fc9   Thumb Code   158  sockets.o(i.lwip_connect)
    lwip_gethostbyname                       0x0800806d   Thumb Code    66  netdb.o(i.lwip_gethostbyname)
    lwip_htonl                               0x080080c5   Thumb Code    26  def.o(i.lwip_htonl)
    lwip_htons                               0x080080df   Thumb Code    12  def.o(i.lwip_htons)
    lwip_init                                0x080080eb   Thumb Code    40  init.o(i.lwip_init)
    lwip_ntohl                               0x08008113   Thumb Code    12  def.o(i.lwip_ntohl)
    lwip_ntohs                               0x0800811f   Thumb Code    12  def.o(i.lwip_ntohs)
    lwip_recv                                0x0800812b   Thumb Code    34  sockets.o(i.lwip_recv)
    lwip_recvfrom                            0x0800814d   Thumb Code   556  sockets.o(i.lwip_recvfrom)
    lwip_select                              0x0800837d   Thumb Code   674  sockets.o(i.lwip_select)
    lwip_send                                0x08008781   Thumb Code   148  sockets.o(i.lwip_send)
    lwip_sendto                              0x08008819   Thumb Code   214  sockets.o(i.lwip_sendto)
    lwip_socket                              0x080088f5   Thumb Code   142  sockets.o(i.lwip_socket)
    lwip_socket_init                         0x08008989   Thumb Code     2  sockets.o(i.lwip_socket_init)
    lwip_write                               0x080089e9   Thumb Code    22  sockets.o(i.lwip_write)
    main                                     0x08008a01   Thumb Code   140  main.o(i.main)
    mem_free                                 0x08008a91   Thumb Code    94  mem.o(i.mem_free)
    mem_init                                 0x08008b01   Thumb Code    90  mem.o(i.mem_init)
    mem_malloc                               0x08008b71   Thumb Code   254  mem.o(i.mem_malloc)
    mem_trim                                 0x08008c81   Thumb Code   278  mem.o(i.mem_trim)
    memp_free                                0x08008da9   Thumb Code    50  memp.o(i.memp_free)
    memp_init                                0x08008de1   Thumb Code    82  memp.o(i.memp_init)
    memp_malloc                              0x08008e45   Thumb Code    54  memp.o(i.memp_malloc)
    mqtt_pktype_ctl                          0x08008e81   Thumb Code   284  mqttclient.o(i.mqtt_pktype_ctl)
    my_mem_init                              0x08008fa1   Thumb Code    54  malloc.o(i.my_mem_init)
    my_mem_malloc                            0x08008fe5   Thumb Code   156  malloc.o(i.my_mem_malloc)
    my_mem_perused                           0x0800908d   Thumb Code    54  malloc.o(i.my_mem_perused)
    my_mqtt_send_pingreq                     0x080090cd   Thumb Code   154  mqttclient.o(i.my_mqtt_send_pingreq)
    mymalloc                                 0x0800916d   Thumb Code    34  malloc.o(i.mymalloc)
    mymemset                                 0x08009195   Thumb Code    20  malloc.o(i.mymemset)
    netbuf_delete                            0x080091a9   Thumb Code    32  netbuf.o(i.netbuf_delete)
    netbuf_free                              0x080091c9   Thumb Code    32  netbuf.o(i.netbuf_free)
    netbuf_ref                               0x080091e9   Thumb Code    74  netbuf.o(i.netbuf_ref)
    netconn_alloc                            0x08009233   Thumb Code   152  api_msg.o(i.netconn_alloc)
    netconn_connect                          0x080092cd   Thumb Code    80  api_lib.o(i.netconn_connect)
    netconn_delete                           0x08009321   Thumb Code    36  api_lib.o(i.netconn_delete)
    netconn_disconnect                       0x08009349   Thumb Code    66  api_lib.o(i.netconn_disconnect)
    netconn_free                             0x0800943b   Thumb Code    58  api_msg.o(i.netconn_free)
    netconn_getaddr                          0x08009475   Thumb Code   108  api_lib.o(i.netconn_getaddr)
    netconn_gethostbyname                    0x080094e5   Thumb Code    98  api_lib.o(i.netconn_gethostbyname)
    netconn_new_with_proto_and_callback      0x0800954d   Thumb Code   114  api_lib.o(i.netconn_new_with_proto_and_callback)
    netconn_recv                             0x080095c5   Thumb Code   172  api_lib.o(i.netconn_recv)
    netconn_recv_tcp_pbuf                    0x08009785   Thumb Code    34  api_lib.o(i.netconn_recv_tcp_pbuf)
    netconn_recved                           0x080097a9   Thumb Code    46  api_lib.o(i.netconn_recved)
    netconn_send                             0x080097dd   Thumb Code    70  api_lib.o(i.netconn_send)
    netconn_write_partly                     0x08009829   Thumb Code   166  api_lib.o(i.netconn_write_partly)
    netif_add                                0x080098d5   Thumb Code   102  netif.o(i.netif_add)
    netif_init                               0x08009945   Thumb Code     2  netif.o(i.netif_init)
    netif_set_addr                           0x08009947   Thumb Code    40  netif.o(i.netif_set_addr)
    netif_set_default                        0x08009971   Thumb Code     6  netif.o(i.netif_set_default)
    netif_set_down                           0x0800997d   Thumb Code    42  netif.o(i.netif_set_down)
    netif_set_gw                             0x080099a7   Thumb Code    12  netif.o(i.netif_set_gw)
    netif_set_ipaddr                         0x080099b5   Thumb Code   110  netif.o(i.netif_set_ipaddr)
    netif_set_netmask                        0x08009a2d   Thumb Code    12  netif.o(i.netif_set_netmask)
    netif_set_up                             0x08009a39   Thumb Code    54  netif.o(i.netif_set_up)
    pbuf_alloc                               0x08009a6f   Thumb Code   402  pbuf.o(i.pbuf_alloc)
    pbuf_alloced_custom                      0x08009c01   Thumb Code   108  pbuf.o(i.pbuf_alloced_custom)
    pbuf_cat                                 0x08009c6d   Thumb Code    56  pbuf.o(i.pbuf_cat)
    pbuf_chain                               0x08009ca5   Thumb Code    22  pbuf.o(i.pbuf_chain)
    pbuf_clen                                0x08009cbb   Thumb Code    18  pbuf.o(i.pbuf_clen)
    pbuf_copy                                0x08009ccd   Thumb Code   192  pbuf.o(i.pbuf_copy)
    pbuf_copy_partial                        0x08009d8d   Thumb Code   146  pbuf.o(i.pbuf_copy_partial)
    pbuf_free                                0x08009e1f   Thumb Code   146  pbuf.o(i.pbuf_free)
    pbuf_header                              0x08009eb1   Thumb Code   126  pbuf.o(i.pbuf_header)
    pbuf_realloc                             0x08009f2f   Thumb Code   120  pbuf.o(i.pbuf_realloc)
    pbuf_ref                                 0x08009fa7   Thumb Code    26  pbuf.o(i.pbuf_ref)
    pvPortMalloc                             0x0800a759   Thumb Code   296  heap_4.o(i.pvPortMalloc)
    pvTaskIncrementMutexHeldCount            0x0800a895   Thumb Code    26  tasks.o(i.pvTaskIncrementMutexHeldCount)
    pxPortInitialiseStack                    0x0800a8b5   Thumb Code    38  port.o(i.pxPortInitialiseStack)
    raw_connect                              0x0800a8e1   Thumb Code    16  raw.o(i.raw_connect)
    raw_input                                0x0800a8f1   Thumb Code   102  raw.o(i.raw_input)
    raw_new                                  0x0800a965   Thumb Code    42  raw.o(i.raw_new)
    raw_recv                                 0x0800a995   Thumb Code     6  raw.o(i.raw_recv)
    raw_remove                               0x0800a99d   Thumb Code    60  raw.o(i.raw_remove)
    raw_send                                 0x0800a9dd   Thumb Code    18  raw.o(i.raw_send)
    raw_sendto                               0x0800a9ef   Thumb Code   158  raw.o(i.raw_sendto)
    readChar                                 0x0800aa8d   Thumb Code    14  mqttpacket.o(i.readChar)
    readInt                                  0x0800aa9b   Thumb Code    26  mqttpacket.o(i.readInt)
    readMQTTLenString                        0x0800aab5   Thumb Code    58  mqttpacket.o(i.readMQTTLenString)
    sys_arch_mbox_fetch                      0x0800ad49   Thumb Code    98  sys_arch.o(i.sys_arch_mbox_fetch)
    sys_arch_mbox_tryfetch                   0x0800adab   Thumb Code    36  sys_arch.o(i.sys_arch_mbox_tryfetch)
    sys_arch_protect                         0x0800adcf   Thumb Code    10  sys_arch.o(i.sys_arch_protect)
    sys_arch_sem_wait                        0x0800add9   Thumb Code    86  sys_arch.o(i.sys_arch_sem_wait)
    sys_arch_unprotect                       0x0800ae2f   Thumb Code    10  sys_arch.o(i.sys_arch_unprotect)
    sys_init                                 0x0800ae39   Thumb Code     8  sys_arch.o(i.sys_init)
    sys_mbox_free                            0x0800ae45   Thumb Code    18  sys_arch.o(i.sys_mbox_free)
    sys_mbox_new                             0x0800ae57   Thumb Code    32  sys_arch.o(i.sys_mbox_new)
    sys_mbox_post                            0x0800ae77   Thumb Code    24  sys_arch.o(i.sys_mbox_post)
    sys_mbox_set_invalid                     0x0800ae8f   Thumb Code     6  sys_arch.o(i.sys_mbox_set_invalid)
    sys_mbox_trypost                         0x0800ae95   Thumb Code    32  sys_arch.o(i.sys_mbox_trypost)
    sys_mbox_valid                           0x0800aeb5   Thumb Code    14  sys_arch.o(i.sys_mbox_valid)
    sys_sem_free                             0x0800aec3   Thumb Code    12  sys_arch.o(i.sys_sem_free)
    sys_sem_new                              0x0800aecf   Thumb Code    62  sys_arch.o(i.sys_sem_new)
    sys_sem_set_invalid                      0x0800af0d   Thumb Code     6  sys_arch.o(i.sys_sem_set_invalid)
    sys_sem_signal                           0x0800af13   Thumb Code    18  sys_arch.o(i.sys_sem_signal)
    sys_sem_valid                            0x0800af25   Thumb Code    14  sys_arch.o(i.sys_sem_valid)
    sys_thread_new                           0x0800af35   Thumb Code    64  sys_arch.o(i.sys_thread_new)
    sys_timeout                              0x0800af79   Thumb Code   152  timers_1.o(i.sys_timeout)
    sys_timeouts_init                        0x0800b015   Thumb Code    64  timers_1.o(i.sys_timeouts_init)
    sys_timeouts_mbox_fetch                  0x0800b069   Thumb Code   132  timers_1.o(i.sys_timeouts_mbox_fetch)
    sys_untimeout                            0x0800b0f1   Thumb Code    90  timers_1.o(i.sys_untimeout)
    tcp_abandon                              0x0800b151   Thumb Code   136  tcp.o(i.tcp_abandon)
    tcp_abort                                0x0800b1e5   Thumb Code    14  tcp.o(i.tcp_abort)
    tcp_accept                               0x0800b1f3   Thumb Code     4  tcp.o(i.tcp_accept)
    tcp_alloc                                0x0800b1f9   Thumb Code   172  tcp.o(i.tcp_alloc)
    tcp_arg                                  0x0800b2b5   Thumb Code     4  tcp.o(i.tcp_arg)
    tcp_close                                0x0800b2b9   Thumb Code    28  tcp.o(i.tcp_close)
    tcp_connect                              0x0800b49d   Thumb Code   324  tcp.o(i.tcp_connect)
    tcp_eff_send_mss                         0x0800b69d   Thumb Code    46  tcp.o(i.tcp_eff_send_mss)
    tcp_enqueue_flags                        0x0800b6cb   Thumb Code   272  tcp_out.o(i.tcp_enqueue_flags)
    tcp_err                                  0x0800b7db   Thumb Code    10  tcp.o(i.tcp_err)
    tcp_fasttmr                              0x0800b7e5   Thumb Code   110  tcp.o(i.tcp_fasttmr)
    tcp_init                                 0x0800b861   Thumb Code     2  tcp.o(i.tcp_init)
    tcp_input                                0x0800b865   Thumb Code  1132  tcp_in.o(i.tcp_input)
    tcp_keepalive                            0x0800bce1   Thumb Code    68  tcp_out.o(i.tcp_keepalive)
    tcp_new                                  0x0800bee5   Thumb Code    10  tcp.o(i.tcp_new)
    tcp_next_iss                             0x0800bf59   Thumb Code    20  tcp.o(i.tcp_next_iss)
    tcp_output                               0x0800bf75   Thumb Code   444  tcp_out.o(i.tcp_output)
    tcp_pcb_purge                            0x0800c3ad   Thumb Code    64  tcp.o(i.tcp_pcb_purge)
    tcp_pcb_remove                           0x0800c3ed   Thumb Code   140  tcp.o(i.tcp_pcb_remove)
    tcp_poll                                 0x0800c47d   Thumb Code    14  tcp.o(i.tcp_poll)
    tcp_process_refused_data                 0x0800ca19   Thumb Code   140  tcp.o(i.tcp_process_refused_data)
    tcp_recv                                 0x0800d0e1   Thumb Code     8  tcp.o(i.tcp_recv)
    tcp_recv_null                            0x0800d0e9   Thumb Code    46  tcp.o(i.tcp_recv_null)
    tcp_recved                               0x0800d117   Thumb Code    70  tcp.o(i.tcp_recved)
    tcp_rexmit                               0x0800d15d   Thumb Code    90  tcp_out.o(i.tcp_rexmit)
    tcp_rexmit_fast                          0x0800d1b7   Thumb Code   112  tcp_out.o(i.tcp_rexmit_fast)
    tcp_rexmit_rto                           0x0800d227   Thumb Code    58  tcp_out.o(i.tcp_rexmit_rto)
    tcp_rst                                  0x0800d261   Thumb Code   124  tcp_out.o(i.tcp_rst)
    tcp_seg_free                             0x0800d2dd   Thumb Code    26  tcp.o(i.tcp_seg_free)
    tcp_segs_free                            0x0800d2f7   Thumb Code    24  tcp.o(i.tcp_segs_free)
    tcp_send_empty_ack                       0x0800d30f   Thumb Code    78  tcp_out.o(i.tcp_send_empty_ack)
    tcp_send_fin                             0x0800d35d   Thumb Code    74  tcp_out.o(i.tcp_send_fin)
    tcp_sent                                 0x0800d3a7   Thumb Code     8  tcp.o(i.tcp_sent)
    tcp_shutdown                             0x0800d3af   Thumb Code    98  tcp.o(i.tcp_shutdown)
    tcp_slowtmr                              0x0800d411   Thumb Code   786  tcp.o(i.tcp_slowtmr)
    tcp_timer_needed                         0x0800d745   Thumb Code    38  timers_1.o(i.tcp_timer_needed)
    tcp_tmr                                  0x0800d829   Thumb Code    30  tcp.o(i.tcp_tmr)
    tcp_update_rcv_ann_wnd                   0x0800d84d   Thumb Code    78  tcp.o(i.tcp_update_rcv_ann_wnd)
    tcp_write                                0x0800d89b   Thumb Code   900  tcp_out.o(i.tcp_write)
    tcp_zero_window_probe                    0x0800dc8f   Thumb Code   164  tcp_out.o(i.tcp_zero_window_probe)
    tcpip_apimsg                             0x0800dd35   Thumb Code    56  tcpip.o(i.tcpip_apimsg)
    tcpip_callback_with_block                0x0800dd71   Thumb Code    90  tcpip.o(i.tcpip_callback_with_block)
    tcpip_init                               0x0800ddd1   Thumb Code    52  tcpip.o(i.tcpip_init)
    tcpip_input                              0x0800de25   Thumb Code    72  tcpip.o(i.tcpip_input)
    transport_close                          0x0800df71   Thumb Code    18  transport.o(i.transport_close)
    transport_getdata                        0x0800df89   Thumb Code    22  transport.o(i.transport_getdata)
    transport_open                           0x0800dfa5   Thumb Code   144  transport.o(i.transport_open)
    transport_sendPacketBuffer               0x0800e071   Thumb Code    20  transport.o(i.transport_sendPacketBuffer)
    udp_bind                                 0x0800e0b9   Thumb Code   122  udp.o(i.udp_bind)
    udp_connect                              0x0800e139   Thumb Code    94  udp.o(i.udp_connect)
    udp_disconnect                           0x0800e19d   Thumb Code    16  udp.o(i.udp_disconnect)
    udp_init                                 0x0800e1ad   Thumb Code     2  udp.o(i.udp_init)
    udp_input                                0x0800e1b1   Thumb Code   450  udp.o(i.udp_input)
    udp_new                                  0x0800e381   Thumb Code    28  udp.o(i.udp_new)
    udp_recv                                 0x0800e3f5   Thumb Code     6  udp.o(i.udp_recv)
    udp_remove                               0x0800e3fd   Thumb Code    60  udp.o(i.udp_remove)
    udp_send                                 0x0800e43d   Thumb Code    20  udp.o(i.udp_send)
    udp_sendto                               0x0800e451   Thumb Code    46  udp.o(i.udp_sendto)
    udp_sendto_if                            0x0800e47f   Thumb Code   206  udp.o(i.udp_sendto_if)
    uxListRemove                             0x0800e54d   Thumb Code    40  list.o(i.uxListRemove)
    uxQueueMessagesWaiting                   0x0800e575   Thumb Code    42  queue.o(i.uxQueueMessagesWaiting)
    uxTaskResetEventItemValue                0x0800e5a1   Thumb Code    24  tasks.o(i.uxTaskResetEventItemValue)
    vListInitialise                          0x0800e5bd   Thumb Code    26  list.o(i.vListInitialise)
    vListInitialiseItem                      0x0800e5d7   Thumb Code     6  list.o(i.vListInitialiseItem)
    vListInsert                              0x0800e5dd   Thumb Code    52  list.o(i.vListInsert)
    vListInsertEnd                           0x0800e611   Thumb Code    24  list.o(i.vListInsertEnd)
    vPortEnterCritical                       0x0800e629   Thumb Code    76  port.o(i.vPortEnterCritical)
    vPortExitCritical                        0x0800e67d   Thumb Code    56  port.o(i.vPortExitCritical)
    vPortFree                                0x0800e6b9   Thumb Code   140  heap_4.o(i.vPortFree)
    vPortSetupTimerInterrupt                 0x0800e74d   Thumb Code    26  port.o(i.vPortSetupTimerInterrupt)
    vPortValidateInterruptPriority           0x0800e76d   Thumb Code   106  port.o(i.vPortValidateInterruptPriority)
    vQueueDelete                             0x0800e7e5   Thumb Code    44  queue.o(i.vQueueDelete)
    vQueueUnregisterQueue                    0x0800e811   Thumb Code    44  queue.o(i.vQueueUnregisterQueue)
    vTaskDelay                               0x0800e841   Thumb Code    82  tasks.o(i.vTaskDelay)
    vTaskMissedYield                         0x0800eccd   Thumb Code     8  tasks.o(i.vTaskMissedYield)
    vTaskPlaceOnEventList                    0x0800efed   Thumb Code    52  tasks.o(i.vTaskPlaceOnEventList)
    vTaskPlaceOnUnorderedEventList           0x0800f025   Thumb Code   100  tasks.o(i.vTaskPlaceOnUnorderedEventList)
    vTaskPriorityInherit                     0x0800f091   Thumb Code   164  tasks.o(i.vTaskPriorityInherit)
    vTaskSetTimeOutState                     0x0800f141   Thumb Code    38  tasks.o(i.vTaskSetTimeOutState)
    vTaskStartScheduler                      0x0800f171   Thumb Code   108  tasks.o(i.vTaskStartScheduler)
    vTaskSuspend                             0x0800f1f9   Thumb Code   196  tasks.o(i.vTaskSuspend)
    vTaskSuspendAll                          0x0800f2dd   Thumb Code    12  tasks.o(i.vTaskSuspendAll)
    vTaskSwitchContext                       0x0800f2ed   Thumb Code   118  tasks.o(i.vTaskSwitchContext)
    writeCString                             0x0800f379   Thumb Code    40  mqttpacket.o(i.writeCString)
    writeChar                                0x0800f3a1   Thumb Code    12  mqttpacket.o(i.writeChar)
    writeInt                                 0x0800f3ad   Thumb Code    48  mqttpacket.o(i.writeInt)
    writeMQTTString                          0x0800f3dd   Thumb Code    62  mqttpacket.o(i.writeMQTTString)
    xEventGroupClearBits                     0x0800f41b   Thumb Code    92  event_groups.o(i.xEventGroupClearBits)
    xEventGroupCreate                        0x0800f477   Thumb Code    26  event_groups.o(i.xEventGroupCreate)
    xEventGroupSetBits                       0x0800f491   Thumb Code   206  event_groups.o(i.xEventGroupSetBits)
    xEventGroupWaitBits                      0x0800f561   Thumb Code   334  event_groups.o(i.xEventGroupWaitBits)
    xPortStartScheduler                      0x0800f6b5   Thumb Code   288  port.o(i.xPortStartScheduler)
    xPortSysTickHandler                      0x0800f7f1   Thumb Code    46  port.o(i.xPortSysTickHandler)
    xQueueGenericCreate                      0x0800f825   Thumb Code    88  queue.o(i.xQueueGenericCreate)
    xQueueGenericReceive                     0x0800f87d   Thumb Code   446  queue.o(i.xQueueGenericReceive)
    xQueueGenericReset                       0x0800fa41   Thumb Code   146  queue.o(i.xQueueGenericReset)
    xQueueGenericSend                        0x0800fad9   Thumb Code   420  queue.o(i.xQueueGenericSend)
    xQueueGiveFromISR                        0x0800fc81   Thumb Code   224  queue.o(i.xQueueGiveFromISR)
    xTaskCheckForTimeOut                     0x0800fd61   Thumb Code   132  tasks.o(i.xTaskCheckForTimeOut)
    xTaskCreate                              0x0800fded   Thumb Code    96  tasks.o(i.xTaskCreate)
    xTaskGetSchedulerState                   0x0800fe4d   Thumb Code    24  tasks.o(i.xTaskGetSchedulerState)
    xTaskGetTickCount                        0x0800fe6d   Thumb Code     6  tasks.o(i.xTaskGetTickCount)
    xTaskIncrementTick                       0x0800fe79   Thumb Code   282  tasks.o(i.xTaskIncrementTick)
    xTaskPriorityDisinherit                  0x0800ffc1   Thumb Code   188  tasks.o(i.xTaskPriorityDisinherit)
    xTaskRemoveFromEventList                 0x08010089   Thumb Code   128  tasks.o(i.xTaskRemoveFromEventList)
    xTaskRemoveFromUnorderedEventList        0x08010121   Thumb Code   154  tasks.o(i.xTaskRemoveFromUnorderedEventList)
    xTaskResumeAll                           0x080101d1   Thumb Code   224  tasks.o(i.xTaskResumeAll)
    AHBPrescTable                            0x080102d4   Data          16  system_stm32f4xx.o(.constdata)
    APBPrescTable                            0x080102e4   Data           8  system_stm32f4xx.o(.constdata)
    ip_addr_any                              0x080102ec   Data           4  ip_addr.o(.constdata)
    ip_addr_broadcast                        0x080102f0   Data           4  ip_addr.o(.constdata)
    tcp_state_str                            0x08010330   Data          44  tcp.o(.constdata)
    tcp_backoff                              0x0801035c   Data          13  tcp.o(.constdata)
    tcp_persist_backoff                      0x08010369   Data           7  tcp.o(.constdata)
    tcp_pcb_lists                            0x08010370   Data          16  tcp.o(.constdata)
    ethbroadcast                             0x08010380   Data           6  etharp.o(.constdata)
    ethzero                                  0x08010386   Data           6  etharp.o(.constdata)
    memtblsize                               0x08010424   Data          12  malloc.o(.constdata)
    memblksize                               0x08010430   Data          12  malloc.o(.constdata)
    memsize                                  0x0801043c   Data          12  malloc.o(.constdata)
    Static_IP                                0x08010448   Data           4  lwipapplication.o(.constdata)
    Static_netmask                           0x0801044c   Data           4  lwipapplication.o(.constdata)
    Static_gateway                           0x08010450   Data           4  lwipapplication.o(.constdata)
    Region$$Table$$Base                      0x08010510   Number         0  anon$$obj.o(Region$$Table)
    Region$$Table$$Limit                     0x08010530   Number         0  anon$$obj.o(Region$$Table)
    mem3base                                 0x10000000   Data       61440  malloc.o(.ARM.__AT_0x10000000)
    mem3mapbase                              0x1000f000   Data        3840  malloc.o(.ARM.__AT_0x1000F000)
    SystemCoreClock                          0x20000000   Data           4  system_stm32f4xx.o(.data)
    uwTick                                   0x20000004   Data           4  stm32f4xx_hal.o(.data)
    pxCurrentTCB                             0x20000008   Data           4  tasks.o(.data)
    current_netif                            0x20000068   Data           4  ip.o(.data)
    current_header                           0x2000006c   Data           4  ip.o(.data)
    current_iphdr_src                        0x20000070   Data           4  ip.o(.data)
    current_iphdr_dest                       0x20000074   Data           4  ip.o(.data)
    netif_list                               0x200000ac   Data           4  netif.o(.data)
    netif_default                            0x200000b0   Data           4  netif.o(.data)
    tcp_ticks                                0x200000c0   Data           4  tcp.o(.data)
    tcp_bound_pcbs                           0x200000c4   Data           4  tcp.o(.data)
    tcp_listen_pcbs                          0x200000c8   Data           4  tcp.o(.data)
    tcp_active_pcbs                          0x200000cc   Data           4  tcp.o(.data)
    tcp_tw_pcbs                              0x200000d0   Data           4  tcp.o(.data)
    tcp_tmp_pcb                              0x200000d4   Data           4  tcp.o(.data)
    tcp_active_pcbs_changed                  0x200000d8   Data           1  tcp.o(.data)
    tcp_input_pcb                            0x200000fc   Data           4  tcp_in.o(.data)
    udp_pcbs                                 0x2000010c   Data           4  udp.o(.data)
    h_errno                                  0x20000114   Data           4  netdb.o(.data)
    mallco_dev                               0x20000150   Data          36  malloc.o(.data)
    s_xSemaphore                             0x20000178   Data           4  lwipapplication.o(.data)
    ETH_link_xSemaphore                      0x2000017c   Data           4  lwipapplication.o(.data)
    EthNetStatusHandler                      0x20000188   Data           4  lwipapplication.o(.data)
    __stdout                                 0x20000190   Data           4  stdout.o(.data)
    xQueueRegistry                           0x20000194   Data          64  queue.o(.bss)
    dhcp_rx_options_val                      0x200046d4   Data          40  dhcp.o(.bss)
    dhcp_rx_options_given                    0x200046fc   Data          10  dhcp.o(.bss)
    ram_heap                                 0x20004d6b   Data       16020  mem.o(.bss)
    mqtt_user_msg                            0x2000c678   Data         364  mqttclient.o(.bss)
    SRAM_Handler                             0x2000c7e4   Data          80  sram.o(.bss)
    husart                                   0x2000c834   Data         320  uart.o(.bss)
    DMARxDscrTab                             0x2000c974   Data         128  ethernetif.o(.bss)
    DMATxDscrTab                             0x2000c9f4   Data         128  ethernetif.o(.bss)
    Rx_Buff                                  0x2000ca74   Data        6096  ethernetif.o(.bss)
    Tx_Buff                                  0x2000e244   Data        6096  ethernetif.o(.bss)
    EthHandle                                0x2000fa14   Data          72  ethernetif.o(.bss)
    mem1base                                 0x2000fa60   Data       30720  malloc.o(.bss)
    mem1mapbase                              0x20017260   Data        1920  malloc.o(.bss)
    lwip_netif                               0x200179e0   Data          52  lwipapplication.o(.bss)
    __initial_sp                             0x20017e18   Data           0  startup_stm32f407xx.o(STACK)
    mem2base                                 0x68000000   Data       983040  malloc.o(.ARM.__AT_0x68000000)
    mem2mapbase                              0x680f0000   Data       61440  malloc.o(.ARM.__AT_0x680F0000)



==============================================================================

Memory Map of the image

  Image Entry point : 0x08000189

  Load Region LR_IROM1 (Base: 0x08000000, Size: 0x000106c4, Max: 0x00100000, ABSOLUTE, COMPRESSED[0x00010568])

    Execution Region ER_IROM1 (Base: 0x08000000, Size: 0x00010530, Max: 0x00100000, ABSOLUTE)

    Base Addr    Size         Type   Attr      Idx    E Section Name        Object

    0x08000000   0x00000188   Data   RO            3    RESET               startup_stm32f407xx.o
    0x08000188   0x00000000   Code   RO         7196  * .ARM.Collect$$$$00000000  mc_w.l(entry.o)
    0x08000188   0x00000004   Code   RO         7498    .ARM.Collect$$$$00000001  mc_w.l(entry2.o)
    0x0800018c   0x00000004   Code   RO         7501    .ARM.Collect$$$$00000004  mc_w.l(entry5.o)
    0x08000190   0x00000000   Code   RO         7503    .ARM.Collect$$$$00000008  mc_w.l(entry7b.o)
    0x08000190   0x00000000   Code   RO         7505    .ARM.Collect$$$$0000000A  mc_w.l(entry8b.o)
    0x08000190   0x00000008   Code   RO         7506    .ARM.Collect$$$$0000000B  mc_w.l(entry9a.o)
    0x08000198   0x00000000   Code   RO         7508    .ARM.Collect$$$$0000000D  mc_w.l(entry10a.o)
    0x08000198   0x00000000   Code   RO         7510    .ARM.Collect$$$$0000000F  mc_w.l(entry11a.o)
    0x08000198   0x00000004   Code   RO         7499    .ARM.Collect$$$$00002712  mc_w.l(entry2.o)
    0x0800019c   0x000000b6   Code   RO         2899    .emb_text           port.o
    0x08000252   0x00000002   PAD
    0x08000254   0x00000024   Code   RO            4    .text               startup_stm32f407xx.o
    0x08000278   0x00000024   Code   RO         7201    .text               mc_w.l(memcpya.o)
    0x0800029c   0x00000024   Code   RO         7203    .text               mc_w.l(memseta.o)
    0x080002c0   0x0000000e   Code   RO         7205    .text               mc_w.l(strlen.o)
    0x080002ce   0x0000001c   Code   RO         7207    .text               mc_w.l(strcmp.o)
    0x080002ea   0x0000001a   Code   RO         7209    .text               mc_w.l(memcmp.o)
    0x08000304   0x000000e4   Code   RO         7486    .text               mf_w.l(dmul.o)
    0x080003e8   0x00000030   Code   RO         7496    .text               mf_w.l(cdrcmple.o)
    0x08000418   0x0000002c   Code   RO         7513    .text               mc_w.l(uidiv.o)
    0x08000444   0x00000062   Code   RO         7515    .text               mc_w.l(uldiv.o)
    0x080004a6   0x00000020   Code   RO         7517    .text               mc_w.l(llushr.o)
    0x080004c6   0x00000000   Code   RO         7534    .text               mc_w.l(iusefp.o)
    0x080004c6   0x000000ba   Code   RO         7535    .text               mf_w.l(depilogue.o)
    0x08000580   0x0000014e   Code   RO         7537    .text               mf_w.l(dadd.o)
    0x080006ce   0x000000de   Code   RO         7539    .text               mf_w.l(ddiv.o)
    0x080007ac   0x00000030   Code   RO         7543    .text               mf_w.l(dfixul.o)
    0x080007dc   0x00000024   Code   RO         7547    .text               mc_w.l(init.o)
    0x08000800   0x0000001e   Code   RO         7549    .text               mc_w.l(llshl.o)
    0x0800081e   0x00000024   Code   RO         7551    .text               mc_w.l(llsshr.o)
    0x08000842   0x0000003a   Code   RO         7602    .text               mc_w.l(__dczerorl.o)
    0x0800087c   0x0000003c   Code   RO         7047    i.Application_Main  application.o
    0x080008b8   0x00000004   Code   RO         2045    i.BusFault_Handler  stm32f4xx_it.o
    0x080008bc   0x00000002   Code   RO         2046    i.DebugMon_Handler  stm32f4xx_it.o
    0x080008be   0x00000016   Code   RO         1761    i.ETH_DMAReceptionEnable  stm32f4xx_hal_eth.o
    0x080008d4   0x00000016   Code   RO         1763    i.ETH_DMATransmissionEnable  stm32f4xx_hal_eth.o
    0x080008ea   0x00000002   PAD
    0x080008ec   0x00000028   Code   RO         1764    i.ETH_Delay         stm32f4xx_hal_eth.o
    0x08000914   0x00000038   Code   RO         1765    i.ETH_FlushTransmitFIFO  stm32f4xx_hal_eth.o
    0x0800094c   0x00000010   Code   RO         6220    i.ETH_IRQHandler    ethernetif.o
    0x0800095c   0x00000034   Code   RO         1766    i.ETH_MACAddressConfig  stm32f4xx_hal_eth.o
    0x08000990   0x00000244   Code   RO         1767    i.ETH_MACDMAConfig  stm32f4xx_hal_eth.o
    0x08000bd4   0x00000028   Code   RO         1769    i.ETH_MACReceptionEnable  stm32f4xx_hal_eth.o
    0x08000bfc   0x00000028   Code   RO         1771    i.ETH_MACTransmissionEnable  stm32f4xx_hal_eth.o
    0x08000c24   0x00000048   Code   RO         1642    i.FSMC_NORSRAM_Extended_Timing_Init  stm32f4xx_ll_fsmc.o
    0x08000c6c   0x0000005c   Code   RO         1643    i.FSMC_NORSRAM_Init  stm32f4xx_ll_fsmc.o
    0x08000cc8   0x00000044   Code   RO         1644    i.FSMC_NORSRAM_Timing_Init  stm32f4xx_ll_fsmc.o
    0x08000d0c   0x00000014   Code   RO         5574    i.GetNextPackID     mqttclient.o
    0x08000d20   0x00000028   Code   RO         6124    i.GpioPinToggle     gpio.o
    0x08000d48   0x00000022   Code   RO         6125    i.Gpio_Init         gpio.o
    0x08000d6a   0x00000002   PAD
    0x08000d6c   0x00000038   Code   RO         6126    i.Gpio_OutConfig    gpio.o
    0x08000da4   0x0000001e   Code   RO          252    i.HAL_Delay         stm32f4xx_hal.o
    0x08000dc2   0x0000008c   Code   RO         1774    i.HAL_ETH_DMARxDescListInit  stm32f4xx_hal_eth.o
    0x08000e4e   0x00000084   Code   RO         1775    i.HAL_ETH_DMATxDescListInit  stm32f4xx_hal_eth.o
    0x08000ed2   0x00000002   Code   RO         1777    i.HAL_ETH_ErrorCallback  stm32f4xx_hal_eth.o
    0x08000ed4   0x000000b2   Code   RO         1778    i.HAL_ETH_GetReceivedFrame  stm32f4xx_hal_eth.o
    0x08000f86   0x000000a4   Code   RO         1781    i.HAL_ETH_IRQHandler  stm32f4xx_hal_eth.o
    0x0800102a   0x00000002   PAD
    0x0800102c   0x000002a0   Code   RO         1782    i.HAL_ETH_Init      stm32f4xx_hal_eth.o
    0x080012cc   0x0000013c   Code   RO         6221    i.HAL_ETH_MspInit   ethernetif.o
    0x08001408   0x00000092   Code   RO         1785    i.HAL_ETH_ReadPHYRegister  stm32f4xx_hal_eth.o
    0x0800149a   0x00000002   PAD
    0x0800149c   0x00000034   Code   RO         7101    i.HAL_ETH_RxCpltCallback  lwipapplication.o
    0x080014d0   0x00000052   Code   RO         1787    i.HAL_ETH_Start     stm32f4xx_hal_eth.o
    0x08001522   0x0000013e   Code   RO         1789    i.HAL_ETH_TransmitFrame  stm32f4xx_hal_eth.o
    0x08001660   0x00000002   Code   RO         1790    i.HAL_ETH_TxCpltCallback  stm32f4xx_hal_eth.o
    0x08001662   0x00000090   Code   RO         1791    i.HAL_ETH_WritePHYRegister  stm32f4xx_hal_eth.o
    0x080016f2   0x00000002   PAD
    0x080016f4   0x00000200   Code   RO          405    i.HAL_GPIO_Init     stm32f4xx_hal_gpio.o
    0x080018f4   0x00000008   Code   RO          408    i.HAL_GPIO_TogglePin  stm32f4xx_hal_gpio.o
    0x080018fc   0x0000000c   Code   RO          258    i.HAL_GetTick       stm32f4xx_hal.o
    0x08001908   0x00000010   Code   RO          260    i.HAL_IncTick       stm32f4xx_hal.o
    0x08001918   0x00000030   Code   RO          261    i.HAL_Init          stm32f4xx_hal.o
    0x08001948   0x00000028   Code   RO          262    i.HAL_InitTick      stm32f4xx_hal.o
    0x08001970   0x00000066   Code   RO         2016    i.HAL_MspInit       stm32f4xx_hal_msp.o
    0x080019d6   0x0000001a   Code   RO          617    i.HAL_NVIC_EnableIRQ  stm32f4xx_hal_cortex.o
    0x080019f0   0x0000007c   Code   RO          623    i.HAL_NVIC_SetPriority  stm32f4xx_hal_cortex.o
    0x08001a6c   0x00000028   Code   RO          624    i.HAL_NVIC_SetPriorityGrouping  stm32f4xx_hal_cortex.o
    0x08001a94   0x000001d0   Code   RO          469    i.HAL_RCC_ClockConfig  stm32f4xx_hal_rcc.o
    0x08001c64   0x0000000c   Code   RO          472    i.HAL_RCC_EnableCSS  stm32f4xx_hal_rcc.o
    0x08001c70   0x0000000c   Code   RO          474    i.HAL_RCC_GetHCLKFreq  stm32f4xx_hal_rcc.o
    0x08001c7c   0x0000002c   Code   RO          476    i.HAL_RCC_GetPCLK1Freq  stm32f4xx_hal_rcc.o
    0x08001ca8   0x0000002c   Code   RO          477    i.HAL_RCC_GetPCLK2Freq  stm32f4xx_hal_rcc.o
    0x08001cd4   0x000000b4   Code   RO          478    i.HAL_RCC_GetSysClockFreq  stm32f4xx_hal_rcc.o
    0x08001d88   0x0000044c   Code   RO          481    i.HAL_RCC_OscConfig  stm32f4xx_hal_rcc.o
    0x080021d4   0x00000058   Code   RO         1518    i.HAL_SRAM_Init     stm32f4xx_hal_sram.o
    0x0800222c   0x00000002   Code   RO         1520    i.HAL_SRAM_MspInit  stm32f4xx_hal_sram.o
    0x0800222e   0x00000028   Code   RO          626    i.HAL_SYSTICK_CLKSourceConfig  stm32f4xx_hal_cortex.o
    0x08002256   0x00000034   Code   RO          628    i.HAL_SYSTICK_Config  stm32f4xx_hal_cortex.o
    0x0800228a   0x00000072   Code   RO         1208    i.HAL_UART_Init     stm32f4xx_hal_uart.o
    0x080022fc   0x0000005c   Code   RO         6171    i.HAL_UART_MspInit  uart.o
    0x08002358   0x000000d6   Code   RO         1216    i.HAL_UART_Transmit  stm32f4xx_hal_uart.o
    0x0800242e   0x00000004   Code   RO         2047    i.HardFault_Handler  stm32f4xx_it.o
    0x08002432   0x00000002   PAD
    0x08002434   0x000000a0   Code   RO         7102    i.LwipApplicationInit  lwipapplication.o
    0x080024d4   0x00000178   Code   RO         5575    i.MQTTClientInit    mqttclient.o
    0x0800264c   0x0000006c   Code   RO         5760    i.MQTTDeserialize_ack  mqttdeserializepublish.o
    0x080026b8   0x00000076   Code   RO         5694    i.MQTTDeserialize_connack  mqttconnectclient.o
    0x0800272e   0x000000a8   Code   RO         5761    i.MQTTDeserialize_publish  mqttdeserializepublish.o
    0x080027d6   0x00000092   Code   RO         5993    i.MQTTDeserialize_suback  mqttsubscribeclient.o
    0x08002868   0x000000f8   Code   RO         5576    i.MQTTMsgPublish    mqttclient.o
    0x08002960   0x00000058   Code   RO         5836    i.MQTTPacket_decode  mqttpacket.o
    0x080029b8   0x0000001c   Code   RO         5837    i.MQTTPacket_decodeBuf  mqttpacket.o
    0x080029d4   0x00000036   Code   RO         5839    i.MQTTPacket_encode  mqttpacket.o
    0x08002a0a   0x00000002   PAD
    0x08002a0c   0x00000028   Code   RO         5841    i.MQTTPacket_len    mqttpacket.o
    0x08002a34   0x00000066   Code   RO         5842    i.MQTTPacket_read   mqttpacket.o
    0x08002a9a   0x00000072   Code   RO         5951    i.MQTTSerialize_ack  mqttserializepublish.o
    0x08002b0c   0x00000168   Code   RO         5695    i.MQTTSerialize_connect  mqttconnectclient.o
    0x08002c74   0x00000076   Code   RO         5696    i.MQTTSerialize_connectLength  mqttconnectclient.o
    0x08002cea   0x00000012   Code   RO         5698    i.MQTTSerialize_pingreq  mqttconnectclient.o
    0x08002cfc   0x00000018   Code   RO         5952    i.MQTTSerialize_puback  mqttserializepublish.o
    0x08002d14   0x00000018   Code   RO         5953    i.MQTTSerialize_pubcomp  mqttserializepublish.o
    0x08002d2c   0x000000b0   Code   RO         5954    i.MQTTSerialize_publish  mqttserializepublish.o
    0x08002ddc   0x00000022   Code   RO         5955    i.MQTTSerialize_publishLength  mqttserializepublish.o
    0x08002dfe   0x0000001a   Code   RO         5956    i.MQTTSerialize_pubrel  mqttserializepublish.o
    0x08002e18   0x000000b0   Code   RO         5994    i.MQTTSerialize_subscribe  mqttsubscribeclient.o
    0x08002ec8   0x0000002e   Code   RO         5995    i.MQTTSerialize_subscribeLength  mqttsubscribeclient.o
    0x08002ef6   0x0000004c   Code   RO         5699    i.MQTTSerialize_zero  mqttconnectclient.o
    0x08002f42   0x00000002   PAD
    0x08002f44   0x0000012c   Code   RO         5577    i.MQTTSubscribe     mqttclient.o
    0x08003070   0x00000018   Code   RO         5844    i.MQTTstrlen        mqttpacket.o
    0x08003088   0x00000014   Code   RO         6172    i.MX_NVIC_USARTx_Init  uart.o
    0x0800309c   0x00000004   Code   RO         2048    i.MemManage_Handler  stm32f4xx_it.o
    0x080030a0   0x00000030   Code   RO         7161    i.MqttApplicationInit  mqttapplication.o
    0x080030d0   0x00000002   Code   RO         2049    i.NMI_Handler       stm32f4xx_it.o
    0x080030d2   0x00000002   PAD
    0x080030d4   0x00000010   Code   RO          630    i.NVIC_GetPriorityGrouping  stm32f4xx_hal_cortex.o
    0x080030e4   0x00000028   Code   RO          631    i.NVIC_SetPriority  stm32f4xx_hal_cortex.o
    0x0800310c   0x00000088   Code   RO         5578    i.ReadPacketTimeout  mqttclient.o
    0x08003194   0x00000160   Code   RO         6082    i.SRAM_Init         sram.o
    0x080032f4   0x00000014   Code   RO         2050    i.SysTick_Handler   stm32f4xx_it.o
    0x08003308   0x000000c0   Code   RO         1959    i.SystemClock_Config  main.o
    0x080033c8   0x00000064   Code   RO           14    i.SystemInit        system_stm32f4xx.o
    0x0800342c   0x00000368   Code   RO         1235    i.UART_SetConfig    stm32f4xx_hal_uart.o
    0x08003794   0x0000006c   Code   RO         1237    i.UART_WaitOnFlagUntilTimeout  stm32f4xx_hal_uart.o
    0x08003800   0x0000005c   Code   RO         6173    i.Uart_Init         uart.o
    0x0800385c   0x00000004   Code   RO         2051    i.UsageFault_Handler  stm32f4xx_it.o
    0x08003860   0x00000134   Code   RO         5579    i.UserMsgCtl        mqttclient.o
    0x08003994   0x0000004e   Code   RO         5580    i.WaitForPacket     mqttclient.o
    0x080039e2   0x00000002   PAD
    0x080039e4   0x00000020   Code   RO         7450    i.__0printf         mc_w.l(printfa.o)
    0x08003a04   0x0000000e   Code   RO         7596    i.__scatterload_copy  mc_w.l(handlers.o)
    0x08003a12   0x00000002   Code   RO         7597    i.__scatterload_null  mc_w.l(handlers.o)
    0x08003a14   0x0000000e   Code   RO         7598    i.__scatterload_zeroinit  mc_w.l(handlers.o)
    0x08003a22   0x00000002   PAD
    0x08003a24   0x00000184   Code   RO         7457    i._fp_digits        mc_w.l(printfa.o)
    0x08003ba8   0x000006dc   Code   RO         7458    i._printf_core      mc_w.l(printfa.o)
    0x08004284   0x00000024   Code   RO         7459    i._printf_post_padding  mc_w.l(printfa.o)
    0x080042a8   0x0000002e   Code   RO         7460    i._printf_pre_padding  mc_w.l(printfa.o)
    0x080042d6   0x00000002   PAD
    0x080042d8   0x000000ac   Code   RO         5132    i.alloc_socket      sockets.o
    0x08004384   0x0000001c   Code   RO         4425    i.arp_timer         timers_1.o
    0x080043a0   0x00000028   Code   RO         5845    i.bufchar           mqttpacket.o
    0x080043c8   0x00000048   Code   RO         5581    i.deliverMessage    mqttclient.o
    0x08004410   0x0000002e   Code   RO         3356    i.dhcp_arp_reply    dhcp.o
    0x0800443e   0x000000e4   Code   RO         3357    i.dhcp_bind         dhcp.o
    0x08004522   0x00000038   Code   RO         3358    i.dhcp_check        dhcp.o
    0x0800455a   0x00000002   PAD
    0x0800455c   0x00000044   Code   RO         3360    i.dhcp_coarse_tmr   dhcp.o
    0x080045a0   0x00000148   Code   RO         3361    i.dhcp_create_msg   dhcp.o
    0x080046e8   0x00000084   Code   RO         3362    i.dhcp_decline      dhcp.o
    0x0800476c   0x00000028   Code   RO         3363    i.dhcp_delete_msg   dhcp.o
    0x08004794   0x000000c4   Code   RO         3364    i.dhcp_discover     dhcp.o
    0x08004858   0x00000044   Code   RO         3365    i.dhcp_fine_tmr     dhcp.o
    0x0800489c   0x000000a8   Code   RO         3366    i.dhcp_handle_ack   dhcp.o
    0x08004944   0x00000038   Code   RO         3367    i.dhcp_handle_nak   dhcp.o
    0x0800497c   0x0000002c   Code   RO         3368    i.dhcp_handle_offer  dhcp.o
    0x080049a8   0x00000020   Code   RO         3371    i.dhcp_option       dhcp.o
    0x080049c8   0x00000012   Code   RO         3372    i.dhcp_option_byte  dhcp.o
    0x080049da   0x00000042   Code   RO         3373    i.dhcp_option_long  dhcp.o
    0x08004a1c   0x00000022   Code   RO         3374    i.dhcp_option_short  dhcp.o
    0x08004a3e   0x00000046   Code   RO         3375    i.dhcp_option_trailer  dhcp.o
    0x08004a84   0x00000314   Code   RO         3376    i.dhcp_parse_reply  dhcp.o
    0x08004d98   0x00000088   Code   RO         3377    i.dhcp_rebind       dhcp.o
    0x08004e20   0x000000a8   Code   RO         3378    i.dhcp_reboot       dhcp.o
    0x08004ec8   0x00000100   Code   RO         3379    i.dhcp_recv         dhcp.o
    0x08004fc8   0x000000a8   Code   RO         3380    i.dhcp_release      dhcp.o
    0x08005070   0x00000086   Code   RO         3381    i.dhcp_renew        dhcp.o
    0x080050f6   0x00000002   PAD
    0x080050f8   0x000000f4   Code   RO         3382    i.dhcp_select       dhcp.o
    0x080051ec   0x00000010   Code   RO         3383    i.dhcp_set_state    dhcp.o
    0x080051fc   0x000000d4   Code   RO         3385    i.dhcp_start        dhcp.o
    0x080052d0   0x0000003a   Code   RO         3386    i.dhcp_stop         dhcp.o
    0x0800530a   0x00000020   Code   RO         3387    i.dhcp_t1_timeout   dhcp.o
    0x0800532a   0x00000020   Code   RO         3388    i.dhcp_t2_timeout   dhcp.o
    0x0800534a   0x000000a4   Code   RO         3389    i.dhcp_timeout      dhcp.o
    0x080053ee   0x00000002   PAD
    0x080053f0   0x0000001c   Code   RO         4426    i.dhcp_timer_coarse  timers_1.o
    0x0800540c   0x0000001c   Code   RO         4427    i.dhcp_timer_fine   timers_1.o
    0x08005428   0x00000016   Code   RO         3558    i.dns_check_entries  dns.o
    0x0800543e   0x00000002   PAD
    0x08005440   0x000000ec   Code   RO         3559    i.dns_check_entry   dns.o
    0x0800552c   0x0000003c   Code   RO         3560    i.dns_compare_name  dns.o
    0x08005568   0x000000e4   Code   RO         3561    i.dns_enqueue       dns.o
    0x0800564c   0x0000005c   Code   RO         3562    i.dns_gethostbyname  dns.o
    0x080056a8   0x00000074   Code   RO         3564    i.dns_init          dns.o
    0x0800571c   0x0000005c   Code   RO         3565    i.dns_lookup        dns.o
    0x08005778   0x0000002a   Code   RO         3566    i.dns_parse_name    dns.o
    0x080057a2   0x00000002   PAD
    0x080057a4   0x00000168   Code   RO         3567    i.dns_recv          dns.o
    0x0800590c   0x000000e4   Code   RO         3568    i.dns_send          dns.o
    0x080059f0   0x00000024   Code   RO         3569    i.dns_setserver     dns.o
    0x08005a14   0x0000001c   Code   RO         4428    i.dns_timer         timers_1.o
    0x08005a30   0x00000014   Code   RO         3570    i.dns_tmr           dns.o
    0x08005a44   0x0000012c   Code   RO         4854    i.do_close_internal  api_msg.o
    0x08005b70   0x000000d4   Code   RO         4855    i.do_connect        api_msg.o
    0x08005c44   0x00000090   Code   RO         4856    i.do_connected      api_msg.o
    0x08005cd4   0x000000c2   Code   RO         4857    i.do_delconn        api_msg.o
    0x08005d96   0x0000002e   Code   RO         4858    i.do_disconnect     api_msg.o
    0x08005dc4   0x00000038   Code   RO         4859    i.do_dns_found      api_msg.o
    0x08005dfc   0x000000b2   Code   RO         4860    i.do_getaddr        api_msg.o
    0x08005eae   0x00000002   PAD
    0x08005eb0   0x0000002c   Code   RO         4861    i.do_gethostbyname  api_msg.o
    0x08005edc   0x00000020   Code   RO         4863    i.do_newconn        api_msg.o
    0x08005efc   0x00000048   Code   RO         4864    i.do_recv           api_msg.o
    0x08005f44   0x000000a6   Code   RO         4865    i.do_send           api_msg.o
    0x08005fea   0x0000006a   Code   RO         4866    i.do_write          api_msg.o
    0x08006054   0x00000146   Code   RO         4867    i.do_writemore      api_msg.o
    0x0800619a   0x000000c0   Code   RO         4868    i.err_tcp           api_msg.o
    0x0800625a   0x0000010c   Code   RO         4614    i.etharp_arp_input  etharp.o
    0x08006366   0x00000002   PAD
    0x08006368   0x00000038   Code   RO         4615    i.etharp_cleanup_netif  etharp.o
    0x080063a0   0x00000160   Code   RO         4617    i.etharp_find_entry  etharp.o
    0x08006500   0x00000040   Code   RO         4618    i.etharp_free_entry  etharp.o
    0x08006540   0x00000148   Code   RO         4619    i.etharp_output     etharp.o
    0x08006688   0x0000006c   Code   RO         4620    i.etharp_output_to_arp_index  etharp.o
    0x080066f4   0x0000015c   Code   RO         4621    i.etharp_query      etharp.o
    0x08006850   0x000000b2   Code   RO         4622    i.etharp_raw        etharp.o
    0x08006902   0x00000002   PAD
    0x08006904   0x0000002c   Code   RO         4623    i.etharp_request    etharp.o
    0x08006930   0x00000038   Code   RO         4624    i.etharp_send_ip    etharp.o
    0x08006968   0x0000008c   Code   RO         4625    i.etharp_tmr        etharp.o
    0x080069f4   0x000000b8   Code   RO         4626    i.etharp_update_arp_entry  etharp.o
    0x08006aac   0x000000b8   Code   RO         4627    i.ethernet_input    etharp.o
    0x08006b64   0x00000030   Code   RO         6222    i.ethernetif_init   ethernetif.o
    0x08006b94   0x00000026   Code   RO         6223    i.ethernetif_input  ethernetif.o
    0x08006bba   0x00000002   PAD
    0x08006bbc   0x0000016c   Code   RO         5133    i.event_callback    sockets.o
    0x08006d28   0x0000001c   Code   RO         6174    i.fputc             uart.o
    0x08006d44   0x00000038   Code   RO         5134    i.free_socket       sockets.o
    0x08006d7c   0x00000028   Code   RO         5135    i.get_socket        sockets.o
    0x08006da4   0x00000012   Code   RO         3001    i.icmp_dest_unreach  icmp.o
    0x08006db6   0x00000002   PAD
    0x08006db8   0x0000015c   Code   RO         3002    i.icmp_input        icmp.o
    0x08006f14   0x00000070   Code   RO         3003    i.icmp_send_response  icmp.o
    0x08006f84   0x00000012   Code   RO         3004    i.icmp_time_exceeded  icmp.o
    0x08006f96   0x00000014   Code   RO         3094    i.inet_chksum       inet_chksum.o
    0x08006faa   0x00000056   Code   RO         3095    i.inet_chksum_pbuf  inet_chksum.o
    0x08007000   0x0000004e   Code   RO         3204    i.ip4_addr_isbroadcast  ip_addr.o
    0x0800704e   0x00000002   PAD
    0x08007050   0x000001ac   Code   RO         3257    i.ip_frag           ip_frag.o
    0x080071fc   0x0000000a   Code   RO         3258    i.ip_frag_alloc_pbuf_custom_ref  ip_frag.o
    0x08007206   0x00000012   Code   RO         3259    i.ip_frag_free_pbuf_custom_ref  ip_frag.o
    0x08007218   0x000001b8   Code   RO         3132    i.ip_input          ip.o
    0x080073d0   0x00000038   Code   RO         3133    i.ip_output         ip.o
    0x08007408   0x000000c4   Code   RO         3134    i.ip_output_if      ip.o
    0x080074cc   0x0000018c   Code   RO         3260    i.ip_reass          ip_frag.o
    0x08007658   0x00000164   Code   RO         3261    i.ip_reass_chain_frag_into_datagram_and_validate  ip_frag.o
    0x080077bc   0x0000002c   Code   RO         3262    i.ip_reass_dequeue_datagram  ip_frag.o
    0x080077e8   0x00000054   Code   RO         3263    i.ip_reass_enqueue_new_datagram  ip_frag.o
    0x0800783c   0x000000a0   Code   RO         3264    i.ip_reass_free_complete_datagram  ip_frag.o
    0x080078dc   0x0000007c   Code   RO         3265    i.ip_reass_remove_oldest_datagram  ip_frag.o
    0x08007958   0x0000001c   Code   RO         4429    i.ip_reass_timer    timers_1.o
    0x08007974   0x00000034   Code   RO         3266    i.ip_reass_tmr      ip_frag.o
    0x080079a8   0x00000054   Code   RO         3135    i.ip_route          ip.o
    0x080079fc   0x00000018   Code   RO         3206    i.ipaddr_addr       ip_addr.o
    0x08007a14   0x0000015c   Code   RO         3207    i.ipaddr_aton       ip_addr.o
    0x08007b70   0x00000014   Code   RO         3208    i.ipaddr_ntoa       ip_addr.o
    0x08007b84   0x000000a8   Code   RO         3209    i.ipaddr_ntoa_r     ip_addr.o
    0x08007c2c   0x00000020   Code   RO         3267    i.ipfrag_free_pbuf_custom  ip_frag.o
    0x08007c4c   0x00000154   Code   RO         6227    i.low_level_init    ethernetif.o
    0x08007da0   0x00000100   Code   RO         6228    i.low_level_input   ethernetif.o
    0x08007ea0   0x000000e8   Code   RO         6229    i.low_level_output  ethernetif.o
    0x08007f88   0x00000040   Code   RO         5138    i.lwip_close        sockets.o
    0x08007fc8   0x000000a4   Code   RO         5139    i.lwip_connect      sockets.o
    0x0800806c   0x00000058   Code   RO         5082    i.lwip_gethostbyname  netdb.o
    0x080080c4   0x0000001a   Code   RO         3326    i.lwip_htonl        def.o
    0x080080de   0x0000000c   Code   RO         3327    i.lwip_htons        def.o
    0x080080ea   0x00000028   Code   RO         3637    i.lwip_init         init.o
    0x08008112   0x0000000c   Code   RO         3328    i.lwip_ntohl        def.o
    0x0800811e   0x0000000c   Code   RO         3329    i.lwip_ntohs        def.o
    0x0800812a   0x00000022   Code   RO         5149    i.lwip_recv         sockets.o
    0x0800814c   0x00000230   Code   RO         5150    i.lwip_recvfrom     sockets.o
    0x0800837c   0x000002ac   Code   RO         5151    i.lwip_select       sockets.o
    0x08008628   0x00000156   Code   RO         5152    i.lwip_selscan      sockets.o
    0x0800877e   0x00000002   PAD
    0x08008780   0x00000098   Code   RO         5153    i.lwip_send         sockets.o
    0x08008818   0x000000dc   Code   RO         5154    i.lwip_sendto       sockets.o
    0x080088f4   0x00000094   Code   RO         5158    i.lwip_socket       sockets.o
    0x08008988   0x00000002   Code   RO         5159    i.lwip_socket_init  sockets.o
    0x0800898a   0x0000005e   Code   RO         3098    i.lwip_standard_chksum  inet_chksum.o
    0x080089e8   0x00000016   Code   RO         5160    i.lwip_write        sockets.o
    0x080089fe   0x00000002   PAD
    0x08008a00   0x00000090   Code   RO         1960    i.main              main.o
    0x08008a90   0x00000070   Code   RO         3680    i.mem_free          mem.o
    0x08008b00   0x00000070   Code   RO         3681    i.mem_init          mem.o
    0x08008b70   0x00000110   Code   RO         3682    i.mem_malloc        mem.o
    0x08008c80   0x00000128   Code   RO         3683    i.mem_trim          mem.o
    0x08008da8   0x00000038   Code   RO         3724    i.memp_free         memp.o
    0x08008de0   0x00000064   Code   RO         3725    i.memp_init         memp.o
    0x08008e44   0x0000003c   Code   RO         3726    i.memp_malloc       memp.o
    0x08008e80   0x00000120   Code   RO         5582    i.mqtt_pktype_ctl   mqttclient.o
    0x08008fa0   0x00000044   Code   RO         6308    i.my_mem_init       malloc.o
    0x08008fe4   0x000000a8   Code   RO         6309    i.my_mem_malloc     malloc.o
    0x0800908c   0x00000040   Code   RO         6310    i.my_mem_perused    malloc.o
    0x080090cc   0x000000a0   Code   RO         5583    i.my_mqtt_send_pingreq  mqttclient.o
    0x0800916c   0x00000028   Code   RO         6312    i.mymalloc          malloc.o
    0x08009194   0x00000014   Code   RO         6314    i.mymemset          malloc.o
    0x080091a8   0x00000020   Code   RO         5020    i.netbuf_delete     netbuf.o
    0x080091c8   0x00000020   Code   RO         5022    i.netbuf_free       netbuf.o
    0x080091e8   0x0000004a   Code   RO         5025    i.netbuf_ref        netbuf.o
    0x08009232   0x00000098   Code   RO         4869    i.netconn_alloc     api_msg.o
    0x080092ca   0x00000002   PAD
    0x080092cc   0x00000054   Code   RO         4718    i.netconn_connect   api_lib.o
    0x08009320   0x00000028   Code   RO         4719    i.netconn_delete    api_lib.o
    0x08009348   0x00000048   Code   RO         4720    i.netconn_disconnect  api_lib.o
    0x08009390   0x000000aa   Code   RO         4870    i.netconn_drain     api_msg.o
    0x0800943a   0x0000003a   Code   RO         4871    i.netconn_free      api_msg.o
    0x08009474   0x00000070   Code   RO         4721    i.netconn_getaddr   api_lib.o
    0x080094e4   0x00000068   Code   RO         4722    i.netconn_gethostbyname  api_lib.o
    0x0800954c   0x00000078   Code   RO         4724    i.netconn_new_with_proto_and_callback  api_lib.o
    0x080095c4   0x000000ac   Code   RO         4725    i.netconn_recv      api_lib.o
    0x08009670   0x00000114   Code   RO         4726    i.netconn_recv_data  api_lib.o
    0x08009784   0x00000022   Code   RO         4727    i.netconn_recv_tcp_pbuf  api_lib.o
    0x080097a6   0x00000002   PAD
    0x080097a8   0x00000034   Code   RO         4728    i.netconn_recved    api_lib.o
    0x080097dc   0x0000004c   Code   RO         4729    i.netconn_send      api_lib.o
    0x08009828   0x000000ac   Code   RO         4732    i.netconn_write_partly  api_lib.o
    0x080098d4   0x00000070   Code   RO         3769    i.netif_add         netif.o
    0x08009944   0x00000002   Code   RO         3771    i.netif_init        netif.o
    0x08009946   0x00000028   Code   RO         3773    i.netif_set_addr    netif.o
    0x0800996e   0x00000002   PAD
    0x08009970   0x0000000c   Code   RO         3774    i.netif_set_default  netif.o
    0x0800997c   0x0000002a   Code   RO         3775    i.netif_set_down    netif.o
    0x080099a6   0x0000000c   Code   RO         3776    i.netif_set_gw      netif.o
    0x080099b2   0x00000002   PAD
    0x080099b4   0x00000078   Code   RO         3777    i.netif_set_ipaddr  netif.o
    0x08009a2c   0x0000000c   Code   RO         3780    i.netif_set_netmask  netif.o
    0x08009a38   0x00000036   Code   RO         3781    i.netif_set_up      netif.o
    0x08009a6e   0x00000192   Code   RO         3863    i.pbuf_alloc        pbuf.o
    0x08009c00   0x0000006c   Code   RO         3864    i.pbuf_alloced_custom  pbuf.o
    0x08009c6c   0x00000038   Code   RO         3865    i.pbuf_cat          pbuf.o
    0x08009ca4   0x00000016   Code   RO         3866    i.pbuf_chain        pbuf.o
    0x08009cba   0x00000012   Code   RO         3867    i.pbuf_clen         pbuf.o
    0x08009ccc   0x000000c0   Code   RO         3869    i.pbuf_copy         pbuf.o
    0x08009d8c   0x00000092   Code   RO         3870    i.pbuf_copy_partial  pbuf.o
    0x08009e1e   0x00000092   Code   RO         3872    i.pbuf_free         pbuf.o
    0x08009eb0   0x0000007e   Code   RO         3874    i.pbuf_header       pbuf.o
    0x08009f2e   0x00000078   Code   RO         3877    i.pbuf_realloc      pbuf.o
    0x08009fa6   0x0000001a   Code   RO         3878    i.pbuf_ref          pbuf.o
    0x08009fc0   0x0000009c   Code   RO         4872    i.pcb_new           api_msg.o
    0x0800a05c   0x00000088   Code   RO         3684    i.plug_holes        mem.o
    0x0800a0e4   0x0000006a   Code   RO         4873    i.poll_tcp          api_msg.o
    0x0800a14e   0x00000002   PAD
    0x0800a150   0x00000098   Code   RO         2493    i.prvAddCurrentTaskToDelayedList  tasks.o
    0x0800a1e8   0x000000b8   Code   RO         2494    i.prvAddNewTaskToReadyList  tasks.o
    0x0800a2a0   0x00000064   Code   RO         2495    i.prvCheckTasksWaitingTermination  tasks.o
    0x0800a304   0x0000002a   Code   RO         2301    i.prvCopyDataFromQueue  queue.o
    0x0800a32e   0x0000007c   Code   RO         2302    i.prvCopyDataToQueue  queue.o
    0x0800a3aa   0x00000012   Code   RO         2496    i.prvDeleteTCB      tasks.o
    0x0800a3bc   0x0000007c   Code   RO         2838    i.prvHeapInit       heap_4.o
    0x0800a438   0x00000028   Code   RO         2497    i.prvIdleTask       tasks.o
    0x0800a460   0x0000002a   Code   RO         2304    i.prvInitialiseNewQueue  queue.o
    0x0800a48a   0x000000b4   Code   RO         2498    i.prvInitialiseNewTask  tasks.o
    0x0800a53e   0x00000002   PAD
    0x0800a540   0x00000068   Code   RO         2499    i.prvInitialiseTaskLists  tasks.o
    0x0800a5a8   0x00000068   Code   RO         2839    i.prvInsertBlockIntoFreeList  heap_4.o
    0x0800a610   0x0000001a   Code   RO         2305    i.prvIsQueueEmpty   queue.o
    0x0800a62a   0x0000001e   Code   RO         2306    i.prvIsQueueFull    queue.o
    0x0800a648   0x00000034   Code   RO         2501    i.prvResetNextTaskUnblockTime  tasks.o
    0x0800a67c   0x00000040   Code   RO         2900    i.prvTaskExitError  port.o
    0x0800a6bc   0x0000001e   Code   RO         2169    i.prvTestWaitCondition  event_groups.o
    0x0800a6da   0x0000007e   Code   RO         2307    i.prvUnlockQueue    queue.o
    0x0800a758   0x0000013c   Code   RO         2840    i.pvPortMalloc      heap_4.o
    0x0800a894   0x00000020   Code   RO         2505    i.pvTaskIncrementMutexHeldCount  tasks.o
    0x0800a8b4   0x0000002c   Code   RO         2901    i.pxPortInitialiseStack  port.o
    0x0800a8e0   0x00000010   Code   RO         3978    i.raw_connect       raw.o
    0x0800a8f0   0x00000074   Code   RO         3979    i.raw_input         raw.o
    0x0800a964   0x00000030   Code   RO         3980    i.raw_new           raw.o
    0x0800a994   0x00000006   Code   RO         3981    i.raw_recv          raw.o
    0x0800a99a   0x00000002   PAD
    0x0800a99c   0x00000040   Code   RO         3982    i.raw_remove        raw.o
    0x0800a9dc   0x00000012   Code   RO         3983    i.raw_send          raw.o
    0x0800a9ee   0x0000009e   Code   RO         3984    i.raw_sendto        raw.o
    0x0800aa8c   0x0000000e   Code   RO         5847    i.readChar          mqttpacket.o
    0x0800aa9a   0x0000001a   Code   RO         5848    i.readInt           mqttpacket.o
    0x0800aab4   0x0000003a   Code   RO         5849    i.readMQTTLenString  mqttpacket.o
    0x0800aaee   0x00000002   PAD
    0x0800aaf0   0x0000009c   Code   RO         4874    i.recv_raw          api_msg.o
    0x0800ab8c   0x0000008c   Code   RO         4875    i.recv_tcp          api_msg.o
    0x0800ac18   0x00000082   Code   RO         4876    i.recv_udp          api_msg.o
    0x0800ac9a   0x00000068   Code   RO         4877    i.sent_tcp          api_msg.o
    0x0800ad02   0x00000002   PAD
    0x0800ad04   0x00000044   Code   RO         4878    i.setup_tcp         api_msg.o
    0x0800ad48   0x00000062   Code   RO         5406    i.sys_arch_mbox_fetch  sys_arch.o
    0x0800adaa   0x00000024   Code   RO         5407    i.sys_arch_mbox_tryfetch  sys_arch.o
    0x0800adce   0x0000000a   Code   RO         5408    i.sys_arch_protect  sys_arch.o
    0x0800add8   0x00000056   Code   RO         5409    i.sys_arch_sem_wait  sys_arch.o
    0x0800ae2e   0x0000000a   Code   RO         5410    i.sys_arch_unprotect  sys_arch.o
    0x0800ae38   0x0000000c   Code   RO         5412    i.sys_init          sys_arch.o
    0x0800ae44   0x00000012   Code   RO         5413    i.sys_mbox_free     sys_arch.o
    0x0800ae56   0x00000020   Code   RO         5414    i.sys_mbox_new      sys_arch.o
    0x0800ae76   0x00000018   Code   RO         5415    i.sys_mbox_post     sys_arch.o
    0x0800ae8e   0x00000006   Code   RO         5416    i.sys_mbox_set_invalid  sys_arch.o
    0x0800ae94   0x00000020   Code   RO         5417    i.sys_mbox_trypost  sys_arch.o
    0x0800aeb4   0x0000000e   Code   RO         5418    i.sys_mbox_valid    sys_arch.o
    0x0800aec2   0x0000000c   Code   RO         5419    i.sys_sem_free      sys_arch.o
    0x0800aece   0x0000003e   Code   RO         5420    i.sys_sem_new       sys_arch.o
    0x0800af0c   0x00000006   Code   RO         5421    i.sys_sem_set_invalid  sys_arch.o
    0x0800af12   0x00000012   Code   RO         5422    i.sys_sem_signal    sys_arch.o
    0x0800af24   0x0000000e   Code   RO         5423    i.sys_sem_valid     sys_arch.o
    0x0800af32   0x00000002   PAD
    0x0800af34   0x00000044   Code   RO         5424    i.sys_thread_new    sys_arch.o
    0x0800af78   0x0000009c   Code   RO         4430    i.sys_timeout       timers_1.o
    0x0800b014   0x00000054   Code   RO         4431    i.sys_timeouts_init  timers_1.o
    0x0800b068   0x00000088   Code   RO         4432    i.sys_timeouts_mbox_fetch  timers_1.o
    0x0800b0f0   0x00000060   Code   RO         4433    i.sys_untimeout     timers_1.o
    0x0800b150   0x00000094   Code   RO         4051    i.tcp_abandon       tcp.o
    0x0800b1e4   0x0000000e   Code   RO         4052    i.tcp_abort         tcp.o
    0x0800b1f2   0x00000004   Code   RO         4053    i.tcp_accept        tcp.o
    0x0800b1f6   0x00000002   PAD
    0x0800b1f8   0x000000bc   Code   RO         4055    i.tcp_alloc         tcp.o
    0x0800b2b4   0x00000004   Code   RO         4056    i.tcp_arg           tcp.o
    0x0800b2b8   0x0000001c   Code   RO         4058    i.tcp_close         tcp.o
    0x0800b2d4   0x000001c8   Code   RO         4059    i.tcp_close_shutdown  tcp.o
    0x0800b49c   0x00000154   Code   RO         4060    i.tcp_connect       tcp.o
    0x0800b5f0   0x000000ac   Code   RO         4328    i.tcp_create_segment  tcp_out.o
    0x0800b69c   0x0000002e   Code   RO         4062    i.tcp_eff_send_mss  tcp.o
    0x0800b6ca   0x00000110   Code   RO         4329    i.tcp_enqueue_flags  tcp_out.o
    0x0800b7da   0x0000000a   Code   RO         4063    i.tcp_err           tcp.o
    0x0800b7e4   0x0000007c   Code   RO         4064    i.tcp_fasttmr       tcp.o
    0x0800b860   0x00000002   Code   RO         4065    i.tcp_init          tcp.o
    0x0800b862   0x00000002   PAD
    0x0800b864   0x0000047c   Code   RO         4280    i.tcp_input         tcp_in.o
    0x0800bce0   0x00000044   Code   RO         4330    i.tcp_keepalive     tcp_out.o
    0x0800bd24   0x00000054   Code   RO         4066    i.tcp_kill_prio     tcp.o
    0x0800bd78   0x0000003c   Code   RO         4067    i.tcp_kill_timewait  tcp.o
    0x0800bdb4   0x00000130   Code   RO         4281    i.tcp_listen_input  tcp_in.o
    0x0800bee4   0x0000000a   Code   RO         4069    i.tcp_new           tcp.o
    0x0800beee   0x00000002   PAD
    0x0800bef0   0x00000068   Code   RO         4070    i.tcp_new_port      tcp.o
    0x0800bf58   0x0000001c   Code   RO         4071    i.tcp_next_iss      tcp.o
    0x0800bf74   0x000001c0   Code   RO         4331    i.tcp_output        tcp_out.o
    0x0800c134   0x00000078   Code   RO         4332    i.tcp_output_alloc_header  tcp_out.o
    0x0800c1ac   0x000000d0   Code   RO         4333    i.tcp_output_segment  tcp_out.o
    0x0800c27c   0x000000b8   Code   RO         4282    i.tcp_parseopt      tcp_in.o
    0x0800c334   0x00000078   Code   RO         4334    i.tcp_pbuf_prealloc  tcp_out.o
    0x0800c3ac   0x00000040   Code   RO         4072    i.tcp_pcb_purge     tcp.o
    0x0800c3ec   0x00000090   Code   RO         4073    i.tcp_pcb_remove    tcp.o
    0x0800c47c   0x0000000e   Code   RO         4074    i.tcp_poll          tcp.o
    0x0800c48a   0x00000002   PAD
    0x0800c48c   0x0000058c   Code   RO         4283    i.tcp_process       tcp_in.o
    0x0800ca18   0x0000008c   Code   RO         4075    i.tcp_process_refused_data  tcp.o
    0x0800caa4   0x0000063c   Code   RO         4284    i.tcp_receive       tcp_in.o
    0x0800d0e0   0x00000008   Code   RO         4076    i.tcp_recv          tcp.o
    0x0800d0e8   0x0000002e   Code   RO         4077    i.tcp_recv_null     tcp.o
    0x0800d116   0x00000046   Code   RO         4078    i.tcp_recved        tcp.o
    0x0800d15c   0x0000005a   Code   RO         4335    i.tcp_rexmit        tcp_out.o
    0x0800d1b6   0x00000070   Code   RO         4336    i.tcp_rexmit_fast   tcp_out.o
    0x0800d226   0x0000003a   Code   RO         4337    i.tcp_rexmit_rto    tcp_out.o
    0x0800d260   0x0000007c   Code   RO         4338    i.tcp_rst           tcp_out.o
    0x0800d2dc   0x0000001a   Code   RO         4079    i.tcp_seg_free      tcp.o
    0x0800d2f6   0x00000018   Code   RO         4080    i.tcp_segs_free     tcp.o
    0x0800d30e   0x0000004e   Code   RO         4339    i.tcp_send_empty_ack  tcp_out.o
    0x0800d35c   0x0000004a   Code   RO         4340    i.tcp_send_fin      tcp_out.o
    0x0800d3a6   0x00000008   Code   RO         4081    i.tcp_sent          tcp.o
    0x0800d3ae   0x00000062   Code   RO         4083    i.tcp_shutdown      tcp.o
    0x0800d410   0x00000334   Code   RO         4084    i.tcp_slowtmr       tcp.o
    0x0800d744   0x00000038   Code   RO         4434    i.tcp_timer_needed  timers_1.o
    0x0800d77c   0x000000ac   Code   RO         4285    i.tcp_timewait_input  tcp_in.o
    0x0800d828   0x00000024   Code   RO         4085    i.tcp_tmr           tcp.o
    0x0800d84c   0x0000004e   Code   RO         4086    i.tcp_update_rcv_ann_wnd  tcp.o
    0x0800d89a   0x00000384   Code   RO         4341    i.tcp_write         tcp_out.o
    0x0800dc1e   0x00000070   Code   RO         4342    i.tcp_write_checks  tcp_out.o
    0x0800dc8e   0x000000a4   Code   RO         4343    i.tcp_zero_window_probe  tcp_out.o
    0x0800dd32   0x00000002   PAD
    0x0800dd34   0x0000003c   Code   RO         5316    i.tcpip_apimsg      tcpip.o
    0x0800dd70   0x00000060   Code   RO         5317    i.tcpip_callback_with_block  tcpip.o
    0x0800ddd0   0x00000054   Code   RO         5320    i.tcpip_init        tcpip.o
    0x0800de24   0x0000004c   Code   RO         5321    i.tcpip_input       tcpip.o
    0x0800de70   0x00000038   Code   RO         4435    i.tcpip_tcp_timer   timers_1.o
    0x0800dea8   0x000000c8   Code   RO         5322    i.tcpip_thread      tcpip.o
    0x0800df70   0x00000018   Code   RO         5531    i.transport_close   transport.o
    0x0800df88   0x0000001c   Code   RO         5532    i.transport_getdata  transport.o
    0x0800dfa4   0x000000cc   Code   RO         5533    i.transport_open    transport.o
    0x0800e070   0x00000018   Code   RO         5534    i.transport_sendPacketBuffer  transport.o
    0x0800e088   0x00000030   Code   RO         5161    i.tryget_socket     sockets.o
    0x0800e0b8   0x00000080   Code   RO         4520    i.udp_bind          udp.o
    0x0800e138   0x00000064   Code   RO         4521    i.udp_connect       udp.o
    0x0800e19c   0x00000010   Code   RO         4522    i.udp_disconnect    udp.o
    0x0800e1ac   0x00000002   Code   RO         4523    i.udp_init          udp.o
    0x0800e1ae   0x00000002   PAD
    0x0800e1b0   0x000001d0   Code   RO         4524    i.udp_input         udp.o
    0x0800e380   0x0000001c   Code   RO         4525    i.udp_new           udp.o
    0x0800e39c   0x00000058   Code   RO         4526    i.udp_new_port      udp.o
    0x0800e3f4   0x00000006   Code   RO         4527    i.udp_recv          udp.o
    0x0800e3fa   0x00000002   PAD
    0x0800e3fc   0x00000040   Code   RO         4528    i.udp_remove        udp.o
    0x0800e43c   0x00000014   Code   RO         4529    i.udp_send          udp.o
    0x0800e450   0x0000002e   Code   RO         4530    i.udp_sendto        udp.o
    0x0800e47e   0x000000ce   Code   RO         4531    i.udp_sendto_if     udp.o
    0x0800e54c   0x00000028   Code   RO         2264    i.uxListRemove      list.o
    0x0800e574   0x0000002a   Code   RO         2310    i.uxQueueMessagesWaiting  queue.o
    0x0800e59e   0x00000002   PAD
    0x0800e5a0   0x0000001c   Code   RO         2512    i.uxTaskResetEventItemValue  tasks.o
    0x0800e5bc   0x0000001a   Code   RO         2265    i.vListInitialise   list.o
    0x0800e5d6   0x00000006   Code   RO         2266    i.vListInitialiseItem  list.o
    0x0800e5dc   0x00000034   Code   RO         2267    i.vListInsert       list.o
    0x0800e610   0x00000018   Code   RO         2268    i.vListInsertEnd    list.o
    0x0800e628   0x00000054   Code   RO         2903    i.vPortEnterCritical  port.o
    0x0800e67c   0x0000003c   Code   RO         2904    i.vPortExitCritical  port.o
    0x0800e6b8   0x00000094   Code   RO         2841    i.vPortFree         heap_4.o
    0x0800e74c   0x00000020   Code   RO         2905    i.vPortSetupTimerInterrupt  port.o
    0x0800e76c   0x00000078   Code   RO         2906    i.vPortValidateInterruptPriority  port.o
    0x0800e7e4   0x0000002c   Code   RO         2314    i.vQueueDelete      queue.o
    0x0800e810   0x00000030   Code   RO         2316    i.vQueueUnregisterQueue  queue.o
    0x0800e840   0x0000005c   Code   RO         2513    i.vTaskDelay        tasks.o
    0x0800e89c   0x00000024   Code   RO         7103    i.vTaskEthIrq       lwipapplication.o
    0x0800e8c0   0x00000012   Code   RO         7048    i.vTaskLED1         application.o
    0x0800e8d2   0x00000002   PAD
    0x0800e8d4   0x000003f8   Code   RO         7104    i.vTaskLWIP         lwipapplication.o
    0x0800eccc   0x0000000c   Code   RO         2518    i.vTaskMissedYield  tasks.o
    0x0800ecd8   0x00000314   Code   RO         7162    i.vTaskMqtt         mqttapplication.o
    0x0800efec   0x00000038   Code   RO         2520    i.vTaskPlaceOnEventList  tasks.o
    0x0800f024   0x0000006c   Code   RO         2521    i.vTaskPlaceOnUnorderedEventList  tasks.o
    0x0800f090   0x000000b0   Code   RO         2522    i.vTaskPriorityInherit  tasks.o
    0x0800f140   0x00000030   Code   RO         2526    i.vTaskSetTimeOutState  tasks.o
    0x0800f170   0x00000088   Code   RO         2527    i.vTaskStartScheduler  tasks.o
    0x0800f1f8   0x000000e4   Code   RO         2528    i.vTaskSuspend      tasks.o
    0x0800f2dc   0x00000010   Code   RO         2529    i.vTaskSuspendAll   tasks.o
    0x0800f2ec   0x0000008c   Code   RO         2530    i.vTaskSwitchContext  tasks.o
    0x0800f378   0x00000028   Code   RO         5850    i.writeCString      mqttpacket.o
    0x0800f3a0   0x0000000c   Code   RO         5851    i.writeChar         mqttpacket.o
    0x0800f3ac   0x00000030   Code   RO         5852    i.writeInt          mqttpacket.o
    0x0800f3dc   0x0000003e   Code   RO         5853    i.writeMQTTString   mqttpacket.o
    0x0800f41a   0x0000005c   Code   RO         2174    i.xEventGroupClearBits  event_groups.o
    0x0800f476   0x0000001a   Code   RO         2175    i.xEventGroupCreate  event_groups.o
    0x0800f490   0x000000ce   Code   RO         2177    i.xEventGroupSetBits  event_groups.o
    0x0800f55e   0x00000002   PAD
    0x0800f560   0x00000154   Code   RO         2179    i.xEventGroupWaitBits  event_groups.o
    0x0800f6b4   0x0000013c   Code   RO         2907    i.xPortStartScheduler  port.o
    0x0800f7f0   0x00000034   Code   RO         2908    i.xPortSysTickHandler  port.o
    0x0800f824   0x00000058   Code   RO         2319    i.xQueueGenericCreate  queue.o
    0x0800f87c   0x000001c4   Code   RO         2320    i.xQueueGenericReceive  queue.o
    0x0800fa40   0x00000098   Code   RO         2321    i.xQueueGenericReset  queue.o
    0x0800fad8   0x000001a8   Code   RO         2322    i.xQueueGenericSend  queue.o
    0x0800fc80   0x000000e0   Code   RO         2324    i.xQueueGiveFromISR  queue.o
    0x0800fd60   0x0000008c   Code   RO         2531    i.xTaskCheckForTimeOut  tasks.o
    0x0800fdec   0x00000060   Code   RO         2532    i.xTaskCreate       tasks.o
    0x0800fe4c   0x00000020   Code   RO         2536    i.xTaskGetSchedulerState  tasks.o
    0x0800fe6c   0x0000000c   Code   RO         2537    i.xTaskGetTickCount  tasks.o
    0x0800fe78   0x00000148   Code   RO         2539    i.xTaskIncrementTick  tasks.o
    0x0800ffc0   0x000000c8   Code   RO         2542    i.xTaskPriorityDisinherit  tasks.o
    0x08010088   0x00000098   Code   RO         2543    i.xTaskRemoveFromEventList  tasks.o
    0x08010120   0x000000b0   Code   RO         2544    i.xTaskRemoveFromUnorderedEventList  tasks.o
    0x080101d0   0x00000104   Code   RO         2545    i.xTaskResumeAll    tasks.o
    0x080102d4   0x00000018   Data   RO           15    .constdata          system_stm32f4xx.o
    0x080102ec   0x00000008   Data   RO         3211    .constdata          ip_addr.o
    0x080102f4   0x0000003c   Data   RO         3728    .constdata          memp.o
    0x08010330   0x00000050   Data   RO         4087    .constdata          tcp.o
    0x08010380   0x0000000c   Data   RO         4629    .constdata          etharp.o
    0x0801038c   0x00000040   Data   RO         5163    .constdata          sockets.o
    0x080103cc   0x00000058   Data   RO         5585    .constdata          mqttclient.o
    0x08010424   0x00000024   Data   RO         6321    .constdata          malloc.o
    0x08010448   0x0000000c   Data   RO         7106    .constdata          lwipapplication.o
    0x08010454   0x00000075   Data   RO         4088    .conststring        tcp.o
    0x080104c9   0x00000003   PAD
    0x080104cc   0x00000043   Data   RO         5586    .conststring        mqttclient.o
    0x0801050f   0x00000001   PAD
    0x08010510   0x00000020   Data   RO         7594    Region$$Table       anon$$obj.o


    Execution Region RW_IRAM1 (Base: 0x20000000, Size: 0x00017e18, Max: 0x00020000, ABSOLUTE, COMPRESSED[0x00000038])

    Base Addr    Size         Type   Attr      Idx    E Section Name        Object

    0x20000000   0x00000004   Data   RW           16    .data               system_stm32f4xx.o
    0x20000004   0x00000004   Data   RW          267    .data               stm32f4xx_hal.o
    0x20000008   0x0000003c   Data   RW         2548    .data               tasks.o
    0x20000044   0x00000018   Data   RW         2846    .data               heap_4.o
    0x2000005c   0x0000000c   Data   RW         2909    .data               port.o
    0x20000068   0x00000012   Data   RW         3136    .data               ip.o
    0x2000007a   0x00000002   PAD
    0x2000007c   0x00000006   Data   RW         3268    .data               ip_frag.o
    0x20000082   0x00000002   PAD
    0x20000084   0x00000004   Data   RW         3391    .data               dhcp.o
    0x20000088   0x00000014   Data   RW         3572    .data               dns.o
    0x2000009c   0x00000010   Data   RW         3686    .data               mem.o
    0x200000ac   0x00000009   Data   RW         3782    .data               netif.o
    0x200000b5   0x00000003   PAD
    0x200000b8   0x00000004   Data   RW         3985    .data               raw.o
    0x200000bc   0x00000024   Data   RW         4089    .data               tcp.o
    0x200000e0   0x00000020   Data   RW         4287    .data               tcp_in.o
    0x20000100   0x00000008   Data   RW         4436    .data               timers_1.o
    0x20000108   0x00000008   Data   RW         4532    .data               udp.o
    0x20000110   0x00000001   Data   RW         4630    .data               etharp.o
    0x20000111   0x00000003   PAD
    0x20000114   0x00000014   Data   RW         5085    .data               netdb.o
    0x20000128   0x00000008   Data   RW         5164    .data               sockets.o
    0x20000130   0x0000000c   Data   RW         5326    .data               tcpip.o
    0x2000013c   0x00000002   Data   RW         5425    .data               sys_arch.o
    0x2000013e   0x00000002   PAD
    0x20000140   0x00000004   Data   RW         5535    .data               transport.o
    0x20000144   0x00000006   Data   RW         5587    .data               mqttclient.o
    0x2000014a   0x00000002   PAD
    0x2000014c   0x00000004   Data   RW         5854    .data               mqttpacket.o
    0x20000150   0x00000024   Data   RW         6322    .data               malloc.o
    0x20000174   0x00000004   Data   RW         7049    .data               application.o
    0x20000178   0x00000014   Data   RW         7107    .data               lwipapplication.o
    0x2000018c   0x00000004   Data   RW         7164    .data               mqttapplication.o
    0x20000190   0x00000004   Data   RW         7512    .data               mc_w.l(stdout.o)
    0x20000194   0x00000040   Zero   RW         2331    .bss                queue.o
    0x200001d4   0x000000f0   Zero   RW         2547    .bss                tasks.o
    0x200002c4   0x00004400   Zero   RW         2845    .bss                heap_4.o
    0x200046c4   0x00000010   Zero   RW         3210    .bss                ip_addr.o
    0x200046d4   0x00000032   Zero   RW         3390    .bss                dhcp.o
    0x20004706   0x00000002   PAD
    0x20004708   0x00000663   Zero   RW         3571    .bss                dns.o
    0x20004d6b   0x00003e94   Zero   RW         3685    .bss                mem.o
    0x20008bff   0x00000001   PAD
    0x20008c00   0x0000392b   Zero   RW         3727    .bss                memp.o
    0x2000c52b   0x00000001   PAD
    0x2000c52c   0x00000010   Zero   RW         4286    .bss                tcp_in.o
    0x2000c53c   0x000000c8   Zero   RW         4628    .bss                etharp.o
    0x2000c604   0x00000014   Zero   RW         5084    .bss                netdb.o
    0x2000c618   0x00000060   Zero   RW         5162    .bss                sockets.o
    0x2000c678   0x0000016c   Zero   RW         5584    .bss                mqttclient.o
    0x2000c7e4   0x00000050   Zero   RW         6083    .bss                sram.o
    0x2000c834   0x00000140   Zero   RW         6175    .bss                uart.o
    0x2000c974   0x000030e8   Zero   RW         6231    .bss                ethernetif.o
    0x2000fa5c   0x00000004   PAD
    0x2000fa60   0x00007f80   Zero   RW         6320    .bss                malloc.o
    0x200179e0   0x00000034   Zero   RW         7105    .bss                lwipapplication.o
    0x20017a14   0x00000004   PAD
    0x20017a18   0x00000400   Zero   RW            1    STACK               startup_stm32f407xx.o



  Load Region LR$$.ARM.__AT_0x10000000 (Base: 0x10000000, Size: 0x00000000, Max: 0x0000f000, ABSOLUTE)

    Execution Region ER$$.ARM.__AT_0x10000000 (Base: 0x10000000, Size: 0x0000f000, Max: 0x0000f000, ABSOLUTE, UNINIT)

    Base Addr    Size         Type   Attr      Idx    E Section Name        Object

    0x10000000   0x0000f000   Zero   RW         6316    .ARM.__AT_0x10000000  malloc.o



  Load Region LR$$.ARM.__AT_0x1000F000 (Base: 0x1000f000, Size: 0x00000000, Max: 0x00000f00, ABSOLUTE)

    Execution Region ER$$.ARM.__AT_0x1000F000 (Base: 0x1000f000, Size: 0x00000f00, Max: 0x00000f00, ABSOLUTE, UNINIT)

    Base Addr    Size         Type   Attr      Idx    E Section Name        Object

    0x1000f000   0x00000f00   Zero   RW         6317    .ARM.__AT_0x1000F000  malloc.o



  Load Region LR$$.ARM.__AT_0x68000000 (Base: 0x68000000, Size: 0x00000000, Max: 0x000f0000, ABSOLUTE)

    Execution Region ER$$.ARM.__AT_0x68000000 (Base: 0x68000000, Size: 0x000f0000, Max: 0x000f0000, ABSOLUTE, UNINIT)

    Base Addr    Size         Type   Attr      Idx    E Section Name        Object

    0x68000000   0x000f0000   Zero   RW         6318    .ARM.__AT_0x68000000  malloc.o



  Load Region LR$$.ARM.__AT_0x680F0000 (Base: 0x680f0000, Size: 0x00000000, Max: 0x0000f000, ABSOLUTE)

    Execution Region ER$$.ARM.__AT_0x680F0000 (Base: 0x680f0000, Size: 0x0000f000, Max: 0x0000f000, ABSOLUTE, UNINIT)

    Base Addr    Size         Type   Attr      Idx    E Section Name        Object

    0x680f0000   0x0000f000   Zero   RW         6319    .ARM.__AT_0x680F0000  malloc.o


==============================================================================

Image component sizes


      Code (inc. data)   RO Data    RW Data    ZI Data      Debug   Object Name

      1314         52          0          0          0      19773   api_lib.o
      3308         52          0          0          0      18489   api_msg.o
        78         22          0          4          0       1203   application.o
         0          0          0          0          0        740   autoip.o
         0          0          0          0          0        532   croutine.o
        62          0          0          0          0       2244   def.o
      4058         96          0          4         50      23804   dhcp.o
      1532        106          0         20       1635      10569   dns.o
      2310         66         12          1        200      14108   etharp.o
      1246        106          0          0      12520       6518   ethernetif.o
       694          6          0          0          0      15850   event_groups.o
       130         10          0          0          0       2169   gpio.o
       692         62          0         24      17408       7091   heap_4.o
       496          8          0          0          0      16045   icmp.o
         0          0          0          0          0       5692   inet.o
       200          0          0          0          0       2749   inet_chksum.o
        40          0          0          0          0       8528   init.o
       776         32          0         18          0      22824   ip.o
       638         10          8          0         16      10696   ip_addr.o
      1704         40          0          6          0      11276   ip_frag.o
       148          0          0          0          0       3334   list.o
      1264        506         12         20         52       3837   lwipapplication.o
       336         14          0          0          0       3252   main.o
       360         42         36         36    1142400       5271   malloc.o
       928         88          0         16      16020       5341   mem.o
       216         30         60          0      14635       3462   memp.o
       836        380          0          4          0       2646   mqttapplication.o
      1986        344        155          6        364      13413   mqttclient.o
       690         18          0          0          0       4625   mqttconnectclient.o
       276          0          0          0          0       2668   mqttdeserializepublish.o
       636         18          0          4          0      10134   mqttpacket.o
       398          0          0          0          0       5124   mqttserializepublish.o
       368          0          0          0          0       3371   mqttsubscribeclient.o
       138          0          0          0          0       3307   netbuf.o
        88         22          0         20         20       3127   netdb.o
       406         26          0          9          0       8219   netif.o
      1362          0          0          0          0       9919   pbuf.o
       954         92          0         12          0      11621   port.o
      1864         20          0          0         64      14411   queue.o
       426         24          0          4          0       5536   raw.o
      3072         66         64          8         96      16938   sockets.o
       352         30          0          0         80       1483   sram.o
        36          8        392          0       1024        956   startup_stm32f407xx.o
       146         18          0          4          0       4423   stm32f4xx_hal.o
       338         22          0          0          0      31525   stm32f4xx_hal_cortex.o
      2832         52          0          0          0      15081   stm32f4xx_hal_eth.o
       520         46          0          0          0       2273   stm32f4xx_hal_gpio.o
       102          0          0          0          0        522   stm32f4xx_hal_msp.o
      1856         84          0          0          0       6004   stm32f4xx_hal_rcc.o
        90          0          0          0          0       1763   stm32f4xx_hal_sram.o
      1308          8          0          0          0       3728   stm32f4xx_hal_uart.o
        40          0          0          0          0      18395   stm32f4xx_it.o
       232         10          0          0          0       2723   stm32f4xx_ll_fsmc.o
       558          8          0          2          0      12421   sys_arch.o
       100         18         24          4          0     700899   system_stm32f4xx.o
      3298        428          0         60        240      25375   tasks.o
      3226        168        197         36          0      31366   tcp.o
      4824        288          0         32         16      16703   tcp_in.o
      3120         10          0          0          0      15523   tcp_out.o
       516         66          0         12          0       9606   tcpip.o
       724         98          0          8          0       7715   timers_1.o
       280         76          0          4          0       5010   transport.o
       232         30          0          0        320       2852   uart.o
      1168         38          0          8          0      18249   udp.o

    ----------------------------------------------------------------------
     62016       3864        996        400    1207172    1275051   Object Totals
         0          0         32          0          0          0   (incl. Generated)
        88          0          4         14         12          0   (incl. Padding)

    ----------------------------------------------------------------------

      Code (inc. data)   RO Data    RW Data    ZI Data      Debug   Library Member Name

        58          0          0          0          0          0   __dczerorl.o
         0          0          0          0          0          0   entry.o
         0          0          0          0          0          0   entry10a.o
         0          0          0          0          0          0   entry11a.o
         8          4          0          0          0          0   entry2.o
         4          0          0          0          0          0   entry5.o
         0          0          0          0          0          0   entry7b.o
         0          0          0          0          0          0   entry8b.o
         8          4          0          0          0          0   entry9a.o
        30          0          0          0          0          0   handlers.o
        36          8          0          0          0         68   init.o
         0          0          0          0          0          0   iusefp.o
        30          0          0          0          0         68   llshl.o
        36          0          0          0          0         68   llsshr.o
        32          0          0          0          0         68   llushr.o
        26          0          0          0          0         80   memcmp.o
        36          0          0          0          0         68   memcpya.o
        36          0          0          0          0        108   memseta.o
      2258         90          0          0          0        452   printfa.o
         0          0          0          4          0          0   stdout.o
        28          0          0          0          0         76   strcmp.o
        14          0          0          0          0         68   strlen.o
        44          0          0          0          0         80   uidiv.o
        98          0          0          0          0         92   uldiv.o
        48          0          0          0          0         68   cdrcmple.o
       334          0          0          0          0        148   dadd.o
       222          0          0          0          0        100   ddiv.o
       186          0          0          0          0        176   depilogue.o
        48          0          0          0          0         68   dfixul.o
       228          0          0          0          0         96   dmul.o

    ----------------------------------------------------------------------
      3852        106          0          4          0       1952   Library Totals
         4          0          0          0          0          0   (incl. Padding)

    ----------------------------------------------------------------------

      Code (inc. data)   RO Data    RW Data    ZI Data      Debug   Library Name

      2782        106          0          4          0       1296   mc_w.l
      1066          0          0          0          0        656   mf_w.l

    ----------------------------------------------------------------------
      3852        106          0          4          0       1952   Library Totals

    ----------------------------------------------------------------------

==============================================================================


      Code (inc. data)   RO Data    RW Data    ZI Data      Debug   

     65868       3970        996        404    1207172    1229399   Grand Totals
     65868       3970        996         56    1207172    1229399   ELF Image Totals (compressed)
     65868       3970        996         56          0          0   ROM Totals

==============================================================================

    Total RO  Size (Code + RO Data)                66864 (  65.30kB)
    Total RW  Size (RW Data + ZI Data)           1207576 (1179.27kB)
    Total ROM Size (Code + RO Data + RW Data)      66920 (  65.35kB)

==============================================================================

